../DMP/driver/eMPL/inv_mpu_dmp_motion_driver.c:1132:5:dmp_enable_gyro_cal.part.0	24	static
../DMP/driver/eMPL/inv_mpu_dmp_motion_driver.c:510:5:dmp_load_motion_driver_firmware	0	static
../DMP/driver/eMPL/inv_mpu_dmp_motion_driver.c:523:5:dmp_set_orientation	32	static
../DMP/driver/eMPL/inv_mpu_dmp_motion_driver.c:578:5:dmp_set_gyro_bias	24	static
../DMP/driver/eMPL/inv_mpu_dmp_motion_driver.c:630:5:dmp_set_accel_bias	32	static,ignoring_inline_asm
../DMP/driver/eMPL/inv_mpu_dmp_motion_driver.c:682:5:dmp_set_fifo_rate	32	static
../DMP/driver/eMPL/inv_mpu_dmp_motion_driver.c:708:5:dmp_get_fifo_rate	0	static
../DMP/driver/eMPL/inv_mpu_dmp_motion_driver.c:720:5:dmp_set_tap_thresh	24	static
../DMP/driver/eMPL/inv_mpu_dmp_motion_driver.c:786:5:dmp_set_tap_axes	16	static
../DMP/driver/eMPL/inv_mpu_dmp_motion_driver.c:804:5:dmp_set_tap_count	16	static
../DMP/driver/eMPL/inv_mpu_dmp_motion_driver.c:822:5:dmp_set_tap_time	16	static
../DMP/driver/eMPL/inv_mpu_dmp_motion_driver.c:838:5:dmp_set_tap_time_multi	16	static
../DMP/driver/eMPL/inv_mpu_dmp_motion_driver.c:856:5:dmp_set_shake_reject_thresh	16	static
../DMP/driver/eMPL/inv_mpu_dmp_motion_driver.c:875:5:dmp_set_shake_reject_time	16	static
../DMP/driver/eMPL/inv_mpu_dmp_motion_driver.c:893:5:dmp_set_shake_reject_timeout	16	static
../DMP/driver/eMPL/inv_mpu_dmp_motion_driver.c:908:5:dmp_get_pedometer_step_count	16	static
../DMP/driver/eMPL/inv_mpu_dmp_motion_driver.c:929:5:dmp_set_pedometer_step_count	16	static
../DMP/driver/eMPL/inv_mpu_dmp_motion_driver.c:945:5:dmp_get_pedometer_walk_time	16	static
../DMP/driver/eMPL/inv_mpu_dmp_motion_driver.c:965:5:dmp_set_pedometer_walk_time	16	static
../DMP/driver/eMPL/inv_mpu_dmp_motion_driver.c:1117:5:dmp_get_enabled_features	0	static
../DMP/driver/eMPL/inv_mpu_dmp_motion_driver.c:1132:5:dmp_enable_gyro_cal	24	static
../DMP/driver/eMPL/inv_mpu_dmp_motion_driver.c:1150:5:dmp_enable_lp_quat	16	static
../DMP/driver/eMPL/inv_mpu_dmp_motion_driver.c:1174:5:dmp_enable_6x_lp_quat	16	static
../DMP/driver/eMPL/inv_mpu_dmp_motion_driver.c:995:5:dmp_enable_feature	40	static
../DMP/driver/eMPL/inv_mpu_dmp_motion_driver.c:1227:5:dmp_set_interrupt_mode	32	static
../DMP/driver/eMPL/inv_mpu_dmp_motion_driver.c:1266:5:dmp_read_fifo	72	static
../DMP/driver/eMPL/inv_mpu_dmp_motion_driver.c:1359:5:dmp_register_tap_cb	0	static
../DMP/driver/eMPL/inv_mpu_dmp_motion_driver.c:1370:5:dmp_register_android_orient_cb	0	static
