../icode/mpu9250.c:43:9:MPU9250_SetGyroFsr	0	static
../icode/mpu9250.c:52:9:MPU9250_SetAccelFsr	0	static
../icode/mpu9250.c:61:9:MPU9250_SetLPF	0	static
../icode/mpu9250.c:83:9:MPU9250_SetRate	8	static
../icode/mpu9250.c:95:9:MPU9250_Init	16	static
../icode/mpu9250.c:153:4:run_self_test	40	static
../icode/mpu9250.c:186:4:mpu_dmp_init	24	static
../icode/mpu9250.c:248:6:MPU9250_DMP_InitFunc	16	static
../icode/mpu9250.c:285:4:mpu_dmp_get_data	112	static
../icode/mpu9250.c:323:4:mpu_mpl_get_data	144	static
../icode/mpu9250.c:374:9:MPU9250ReadID	16	static
../icode/mpu9250.c:390:7:MPU_Get_Temperature	16	static
../icode/mpu9250.c:405:4:MPU_Get_Gyroscope	24	static
../icode/mpu9250.c:422:4:MPU_Get_Accelerometer	24	static
../icode/mpu9250.c:439:4:MPU_Get_Magnetometer	32	static
../icode/mpu9250.c:467:6:CaliAccelData	24	static
../icode/mpu9250.c:486:6:CaliGyroData	0	static
../icode/mpu9250.c:497:6:CaliMagData	0	static
../icode/mpu9250.c:511:6:GetAccelTask	48	static
../icode/mpu9250.c:551:6:GetGyroTask	56	static
../icode/mpu9250.c:589:6:GetMagTask	16	static
../icode/mpu9250.c:613:7:GetAccelTemperature	16	static
../icode/mpu9250.c:628:6:GetMagDataApi	0	static
../icode/mpu9250.c:636:6:GetAccelDataApi	0	static
../icode/mpu9250.c:644:6:GetGyroDataApi	0	static
