Component: ARM Compiler 5.06 update 5 (build 528) Tool: armlink [4d35e2]

==============================================================================

Section Cross References

    startup_stm32f407xx.o(RESET) refers to startup_stm32f407xx.o(STACK) for __initial_sp
    startup_stm32f407xx.o(RESET) refers to startup_stm32f407xx.o(.text) for Reset_Handler
    startup_stm32f407xx.o(RESET) refers to stm32f4xx_it.o(i.NMI_Handler) for NMI_Handler
    startup_stm32f407xx.o(RESET) refers to stm32f4xx_it.o(i.HardFault_Handler) for HardFault_Handler
    startup_stm32f407xx.o(RESET) refers to stm32f4xx_it.o(i.MemManage_Handler) for MemManage_Handler
    startup_stm32f407xx.o(RESET) refers to stm32f4xx_it.o(i.BusFault_Handler) for BusFault_Handler
    startup_stm32f407xx.o(RESET) refers to stm32f4xx_it.o(i.UsageFault_Handler) for UsageFault_Handler
    startup_stm32f407xx.o(RESET) refers to stm32f4xx_it.o(i.SVC_Handler) for SVC_Handler
    startup_stm32f407xx.o(RESET) refers to stm32f4xx_it.o(i.DebugMon_Handler) for DebugMon_Handler
    startup_stm32f407xx.o(RESET) refers to stm32f4xx_it.o(i.PendSV_Handler) for PendSV_Handler
    startup_stm32f407xx.o(RESET) refers to stm32f4xx_it.o(i.SysTick_Handler) for SysTick_Handler
    startup_stm32f407xx.o(RESET) refers to stm32f4xx_it.o(i.USART1_IRQHandler) for USART1_IRQHandler
    startup_stm32f407xx.o(.text) refers to system_stm32f4xx.o(i.SystemInit) for SystemInit
    startup_stm32f407xx.o(.text) refers to entry.o(.ARM.Collect$$$$00000000) for __main
    delay.o(i.HAL_Delay) refers to delay.o(i.delay_ms) for delay_ms
    delay.o(i.delay_init) refers to delay.o(.data) for .data
    delay.o(i.delay_ms) refers to delay.o(i.delay_us) for delay_us
    delay.o(i.delay_us) refers to delay.o(.data) for .data
    sys.o(i.sys_stm32_clock_init) refers to memseta.o(.text) for __aeabi_memclr4
    sys.o(i.sys_stm32_clock_init) refers to stm32f4xx_hal_rcc.o(i.HAL_RCC_OscConfig) for HAL_RCC_OscConfig
    sys.o(i.sys_stm32_clock_init) refers to stm32f4xx_hal_rcc.o(i.HAL_RCC_ClockConfig) for HAL_RCC_ClockConfig
    sys.o(i.sys_stm32_clock_init) refers to stm32f4xx_hal.o(i.HAL_GetREVID) for HAL_GetREVID
    lcd_fonts.o(.data) refers to lcd_fonts.o(.constdata) for Chinese_1212
    lcd_fonts.o(.data) refers to lcd_fonts.o(.constdata) for Chinese_1616
    lcd_fonts.o(.data) refers to lcd_fonts.o(.constdata) for Chinese_2020
    lcd_fonts.o(.data) refers to lcd_fonts.o(.constdata) for Chinese_2424
    lcd_fonts.o(.data) refers to lcd_fonts.o(.constdata) for Chinese_3232
    lcd_fonts.o(.data) refers to lcd_fonts.o(.constdata) for ASCII_3216_Table
    lcd_fonts.o(.data) refers to lcd_fonts.o(.constdata) for ASCII_2412_Table
    lcd_fonts.o(.data) refers to lcd_fonts.o(.constdata) for ASCII_2010_Table
    lcd_fonts.o(.data) refers to lcd_fonts.o(.constdata) for ASCII_1608_Table
    lcd_fonts.o(.data) refers to lcd_fonts.o(.constdata) for ASCII_1206_Table
    lcd_spi_154.o(i.HAL_SPI_MspInit) refers to memseta.o(.text) for __aeabi_memclr4
    lcd_spi_154.o(i.HAL_SPI_MspInit) refers to stm32f4xx_hal_gpio.o(i.HAL_GPIO_Init) for HAL_GPIO_Init
    lcd_spi_154.o(i.HAL_SPI_MspInit) refers to stm32f4xx_hal_gpio.o(i.HAL_GPIO_WritePin) for HAL_GPIO_WritePin
    lcd_spi_154.o(i.LCD_Clear) refers to lcd_spi_154.o(i.LCD_SetAddress) for LCD_SetAddress
    lcd_spi_154.o(i.LCD_Clear) refers to lcd_spi_154.o(.bss) for .bss
    lcd_spi_154.o(i.LCD_ClearRect) refers to lcd_spi_154.o(i.LCD_SetAddress) for LCD_SetAddress
    lcd_spi_154.o(i.LCD_ClearRect) refers to lcd_spi_154.o(.bss) for .bss
    lcd_spi_154.o(i.LCD_DisplayChar) refers to lcd_spi_154.o(i.LCD_SetAddress) for LCD_SetAddress
    lcd_spi_154.o(i.LCD_DisplayChar) refers to lcd_spi_154.o(i.LCD_WriteBuff) for LCD_WriteBuff
    lcd_spi_154.o(i.LCD_DisplayChar) refers to lcd_spi_154.o(.data) for .data
    lcd_spi_154.o(i.LCD_DisplayChar) refers to lcd_spi_154.o(.bss) for .bss
    lcd_spi_154.o(i.LCD_DisplayChinese) refers to lcd_spi_154.o(i.LCD_SetAddress) for LCD_SetAddress
    lcd_spi_154.o(i.LCD_DisplayChinese) refers to lcd_spi_154.o(i.LCD_WriteBuff) for LCD_WriteBuff
    lcd_spi_154.o(i.LCD_DisplayChinese) refers to lcd_spi_154.o(.data) for .data
    lcd_spi_154.o(i.LCD_DisplayChinese) refers to lcd_spi_154.o(.bss) for .bss
    lcd_spi_154.o(i.LCD_DisplayDecimals) refers to printfa.o(i.__0sprintf) for __2sprintf
    lcd_spi_154.o(i.LCD_DisplayDecimals) refers to lcd_spi_154.o(i.LCD_DisplayString) for LCD_DisplayString
    lcd_spi_154.o(i.LCD_DisplayDecimals) refers to lcd_spi_154.o(.bss) for .bss
    lcd_spi_154.o(i.LCD_DisplayNumber) refers to printfa.o(i.__0sprintf) for __2sprintf
    lcd_spi_154.o(i.LCD_DisplayNumber) refers to lcd_spi_154.o(i.LCD_DisplayString) for LCD_DisplayString
    lcd_spi_154.o(i.LCD_DisplayNumber) refers to lcd_spi_154.o(.bss) for .bss
    lcd_spi_154.o(i.LCD_DisplayString) refers to lcd_spi_154.o(i.LCD_DisplayChar) for LCD_DisplayChar
    lcd_spi_154.o(i.LCD_DisplayString) refers to lcd_spi_154.o(.data) for .data
[...]
    Removing stm32f4xx_hal.o(.rev16_text), (4 bytes).
    Removing stm32f4xx_hal.o(.revsh_text), (4 bytes).
    Removing stm32f4xx_hal.o(.rrx_text), (6 bytes).
    Removing stm32f4xx_hal.o(i.HAL_DBGMCU_DisableDBGSleepMode), (16 bytes).
    Removing stm32f4xx_hal.o(i.HAL_DBGMCU_DisableDBGStandbyMode), (16 bytes).
    Removing stm32f4xx_hal.o(i.HAL_DBGMCU_DisableDBGStopMode), (16 bytes).
    Removing stm32f4xx_hal.o(i.HAL_DBGMCU_EnableDBGSleepMode), (16 bytes).
    Removing stm32f4xx_hal.o(i.HAL_DBGMCU_EnableDBGStandbyMode), (16 bytes).
    Removing stm32f4xx_hal.o(i.HAL_DBGMCU_EnableDBGStopMode), (16 bytes).
    Removing stm32f4xx_hal.o(i.HAL_DeInit), (72 bytes).
    Removing stm32f4xx_hal.o(i.HAL_Delay), (36 bytes).
    Removing stm32f4xx_hal.o(i.HAL_DisableCompensationCell), (12 bytes).
    Removing stm32f4xx_hal.o(i.HAL_EnableCompensationCell), (12 bytes).
    Removing stm32f4xx_hal.o(i.HAL_GetDEVID), (16 bytes).
    Removing stm32f4xx_hal.o(i.HAL_GetHalVersion), (8 bytes).
    Removing stm32f4xx_hal.o(i.HAL_GetREVID), (12 bytes).
    Removing stm32f4xx_hal.o(i.HAL_GetTickFreq), (12 bytes).
    Removing stm32f4xx_hal.o(i.HAL_GetTickPrio), (12 bytes).
    Removing stm32f4xx_hal.o(i.HAL_GetUIDw0), (12 bytes).
    Removing stm32f4xx_hal.o(i.HAL_GetUIDw1), (12 bytes).
    Removing stm32f4xx_hal.o(i.HAL_GetUIDw2), (12 bytes).
    Removing stm32f4xx_hal.o(i.HAL_MspDeInit), (2 bytes).
    Removing stm32f4xx_hal.o(i.HAL_MspInit), (2 bytes).
    Removing stm32f4xx_hal.o(i.HAL_ResumeTick), (14 bytes).
    Removing stm32f4xx_hal.o(i.HAL_SetTickFreq), (36 bytes).
    Removing stm32f4xx_hal.o(i.HAL_SuspendTick), (14 bytes).
    Removing stm32f4xx_hal_exti.o(.rev16_text), (4 bytes).
    Removing stm32f4xx_hal_exti.o(.revsh_text), (4 bytes).
    Removing stm32f4xx_hal_exti.o(.rrx_text), (6 bytes).
    Removing stm32f4xx_hal_exti.o(i.HAL_EXTI_ClearConfigLine), (108 bytes).
    Removing stm32f4xx_hal_exti.o(i.HAL_EXTI_ClearPending), (20 bytes).
    Removing stm32f4xx_hal_exti.o(i.HAL_EXTI_GenerateSWI), (20 bytes).
    Removing stm32f4xx_hal_exti.o(i.HAL_EXTI_GetConfigLine), (144 bytes).
    Removing stm32f4xx_hal_exti.o(i.HAL_EXTI_GetHandle), (12 bytes).
    Removing stm32f4xx_hal_exti.o(i.HAL_EXTI_GetPending), (24 bytes).
    Removing stm32f4xx_hal_exti.o(i.HAL_EXTI_IRQHandler), (36 bytes).
    Removing stm32f4xx_hal_exti.o(i.HAL_EXTI_RegisterCallback), (14 bytes).
    Removing stm32f4xx_hal_exti.o(i.HAL_EXTI_SetConfigLine), (168 bytes).
    Removing stm32f4xx_hal_uart.o(.rev16_text), (4 bytes).
    Removing stm32f4xx_hal_uart.o(.revsh_text), (4 bytes).
    Removing stm32f4xx_hal_uart.o(.rrx_text), (6 bytes).
    Removing stm32f4xx_hal_uart.o(i.HAL_HalfDuplex_EnableReceiver), (50 bytes).
    Removing stm32f4xx_hal_uart.o(i.HAL_HalfDuplex_EnableTransmitter), (50 bytes).
    Removing stm32f4xx_hal_uart.o(i.HAL_HalfDuplex_Init), (110 bytes).
    Removing stm32f4xx_hal_uart.o(i.HAL_LIN_Init), (130 bytes).
    Removing stm32f4xx_hal_uart.o(i.HAL_LIN_SendBreak), (60 bytes).
    Removing stm32f4xx_hal_uart.o(i.HAL_MultiProcessor_EnterMuteMode), (62 bytes).
    Removing stm32f4xx_hal_uart.o(i.HAL_MultiProcessor_ExitMuteMode), (62 bytes).
    Removing stm32f4xx_hal_uart.o(i.HAL_MultiProcessor_Init), (144 bytes).
    Removing stm32f4xx_hal_uart.o(i.HAL_UARTEx_GetRxEventType), (4 bytes).
    Removing stm32f4xx_hal_uart.o(i.HAL_UARTEx_ReceiveToIdle), (240 bytes).
    Removing stm32f4xx_hal_uart.o(i.HAL_UARTEx_ReceiveToIdle_DMA), (78 bytes).
    Removing stm32f4xx_hal_uart.o(i.HAL_UARTEx_ReceiveToIdle_IT), (78 bytes).
    Removing stm32f4xx_hal_uart.o(i.HAL_UART_Abort), (210 bytes).
    Removing stm32f4xx_hal_uart.o(i.HAL_UART_AbortCpltCallback), (2 bytes).
    Removing stm32f4xx_hal_uart.o(i.HAL_UART_AbortReceive), (148 bytes).
    Removing stm32f4xx_hal_uart.o(i.HAL_UART_AbortReceiveCpltCallback), (2 bytes).
    Removing stm32f4xx_hal_uart.o(i.HAL_UART_AbortReceive_IT), (152 bytes).
    Removing stm32f4xx_hal_uart.o(i.HAL_UART_AbortTransmit), (98 bytes).
    Removing stm32f4xx_hal_uart.o(i.HAL_UART_AbortTransmitCpltCallback), (2 bytes).
    Removing stm32f4xx_hal_uart.o(i.HAL_UART_AbortTransmit_IT), (104 bytes).
    Removing stm32f4xx_hal_uart.o(i.HAL_UART_Abort_IT), (244 bytes).
    Removing stm32f4xx_hal_uart.o(i.HAL_UART_DMAPause), (120 bytes).
    Removing stm32f4xx_hal_uart.o(i.HAL_UART_DMAResume), (114 bytes).
    Removing stm32f4xx_hal_uart.o(i.HAL_UART_DMAStop), (112 bytes).
    Removing stm32f4xx_hal_uart.o(i.HAL_UART_DeInit), (54 bytes).
    Removing stm32f4xx_hal_uart.o(i.HAL_UART_GetError), (4 bytes).
    Removing stm32f4xx_hal_uart.o(i.HAL_UART_GetState), (10 bytes).
    Removing stm32f4xx_hal_uart.o(i.HAL_UART_MspDeInit), (2 bytes).
    Removing stm32f4xx_hal_uart.o(i.HAL_UART_MspInit), (2 bytes).
    Removing stm32f4xx_hal_uart.o(i.HAL_UART_Receive), (176 bytes).
    Removing stm32f4xx_hal_uart.o(i.HAL_UART_Receive_DMA), (28 bytes).
    Removing stm32f4xx_hal_uart.o(i.HAL_UART_RxCpltCallback), (2 bytes).
    Removing stm32f4xx_hal_uart.o(i.HAL_UART_RxHalfCpltCallback), (2 bytes).
    Removing stm32f4xx_hal_uart.o(i.HAL_UART_Transmit), (160 bytes).
    Removing stm32f4xx_hal_uart.o(i.HAL_UART_Transmit_DMA), (120 bytes).
    Removing stm32f4xx_hal_uart.o(i.HAL_UART_Transmit_IT), (50 bytes).
    Removing stm32f4xx_hal_uart.o(i.HAL_UART_TxHalfCpltCallback), (2 bytes).
    Removing stm32f4xx_hal_uart.o(i.UART_DMAError), (74 bytes).
    Removing stm32f4xx_hal_uart.o(i.UART_DMAReceiveCplt), (134 bytes).
    Removing stm32f4xx_hal_uart.o(i.UART_DMARxAbortCallback), (44 bytes).
    Removing stm32f4xx_hal_uart.o(i.UART_DMARxHalfCplt), (30 bytes).
    Removing stm32f4xx_hal_uart.o(i.UART_DMARxOnlyAbortCallback), (22 bytes).
    Removing stm32f4xx_hal_uart.o(i.UART_DMATransmitCplt), (66 bytes).
    Removing stm32f4xx_hal_uart.o(i.UART_DMATxAbortCallback), (44 bytes).
    Removing stm32f4xx_hal_uart.o(i.UART_DMATxHalfCplt), (10 bytes).
    Removing stm32f4xx_hal_uart.o(i.UART_DMATxOnlyAbortCallback), (20 bytes).
    Removing stm32f4xx_hal_uart.o(i.UART_EndTxTransfer), (28 bytes).
    Removing stm32f4xx_hal_uart.o(i.UART_Start_Receive_DMA), (144 bytes).
    Removing stm32f4xx_hal_uart.o(i.UART_WaitOnFlagUntilTimeout), (114 bytes).
    Removing system_stm32f4xx.o(.rev16_text), (4 bytes).
    Removing system_stm32f4xx.o(.revsh_text), (4 bytes).
    Removing system_stm32f4xx.o(.rrx_text), (6 bytes).
    Removing system_stm32f4xx.o(i.SystemCoreClockUpdate), (120 bytes).
    Removing gps982.o(.rev16_text), (4 bytes).
    Removing gps982.o(.revsh_text), (4 bytes).
    Removing gps982.o(.rrx_text), (6 bytes).
    Removing gps982.o(i.dms_to_dm), (72 bytes).
    Removing dneg.o(.text), (6 bytes).

376 unused section(s) (total 51004 bytes) removed from the image.

==============================================================================

Image Symbol Table

    Local Symbols

    Symbol Name                              Value     Ov Type        Size  Object(Section)

    ../Core/Src/gpio.c                       0x00000000   Number         0  gpio.o ABSOLUTE
    ../Core/Src/main.c                       0x00000000   Number         0  main.o ABSOLUTE
    ../Core/Src/stm32f4xx_hal_msp.c          0x00000000   Number         0  stm32f4xx_hal_msp.o ABSOLUTE
    ../Core/Src/stm32f4xx_it.c               0x00000000   Number         0  stm32f4xx_it.o ABSOLUTE
    ../Core/Src/system_stm32f4xx.c           0x00000000   Number         0  system_stm32f4xx.o ABSOLUTE
    ../Core/Src/usart.c                      0x00000000   Number         0  usart_1.o ABSOLUTE
    ../Drivers/STM32F4xx_HAL_Driver/Src/stm32f4xx_hal.c 0x00000000   Number         0  stm32f4xx_hal.o ABSOLUTE
    ../Drivers/STM32F4xx_HAL_Driver/Src/stm32f4xx_hal_cortex.c 0x00000000   Number         0  stm32f4xx_hal_cortex.o ABSOLUTE
    ../Drivers/STM32F4xx_HAL_Driver/Src/stm32f4xx_hal_dma.c 0x00000000   Number         0  stm32f4xx_hal_dma.o ABSOLUTE
    ../Drivers/STM32F4xx_HAL_Driver/Src/stm32f4xx_hal_dma_ex.c 0x00000000   Number         0  stm32f4xx_hal_dma_ex.o ABSOLUTE
    ../Drivers/STM32F4xx_HAL_Driver/Src/stm32f4xx_hal_exti.c 0x00000000   Number         0  stm32f4xx_hal_exti.o ABSOLUTE
    ../Drivers/STM32F4xx_HAL_Driver/Src/stm32f4xx_hal_flash.c 0x00000000   Number         0  stm32f4xx_hal_flash.o ABSOLUTE
    ../Drivers/STM32F4xx_HAL_Driver/Src/stm32f4xx_hal_flash_ex.c 0x00000000   Number         0  stm32f4xx_hal_flash_ex.o ABSOLUTE
    ../Drivers/STM32F4xx_HAL_Driver/Src/stm32f4xx_hal_flash_ramfunc.c 0x00000000   Number         0  stm32f4xx_hal_flash_ramfunc.o ABSOLUTE
    ../Drivers/STM32F4xx_HAL_Driver/Src/stm32f4xx_hal_gpio.c 0x00000000   Number         0  stm32f4xx_hal_gpio.o ABSOLUTE
    ../Drivers/STM32F4xx_HAL_Driver/Src/stm32f4xx_hal_pwr.c 0x00000000   Number         0  stm32f4xx_hal_pwr.o ABSOLUTE
    ../Drivers/STM32F4xx_HAL_Driver/Src/stm32f4xx_hal_pwr_ex.c 0x00000000   Number         0  stm32f4xx_hal_pwr_ex.o ABSOLUTE
    ../Drivers/STM32F4xx_HAL_Driver/Src/stm32f4xx_hal_rcc.c 0x00000000   Number         0  stm32f4xx_hal_rcc.o ABSOLUTE
    ../Drivers/STM32F4xx_HAL_Driver/Src/stm32f4xx_hal_rcc_ex.c 0x00000000   Number         0  stm32f4xx_hal_rcc_ex.o ABSOLUTE
    ../Drivers/STM32F4xx_HAL_Driver/Src/stm32f4xx_hal_spi.c 0x00000000   Number         0  stm32f4xx_hal_spi.o ABSOLUTE
    ../Drivers/STM32F4xx_HAL_Driver/Src/stm32f4xx_hal_uart.c 0x00000000   Number         0  stm32f4xx_hal_uart.o ABSOLUTE
    ../clib/microlib/ctype/ctype.c           0x00000000   Number         0  ctype_c.o ABSOLUTE
    ../clib/microlib/ctype/ctype.c           0x00000000   Number         0  isspace_c.o ABSOLUTE
    ../clib/microlib/division.c              0x00000000   Number         0  uldiv.o ABSOLUTE
    ../clib/microlib/division.c              0x00000000   Number         0  uidiv.o ABSOLUTE
    ../clib/microlib/errno.c                 0x00000000   Number         0  errno.o ABSOLUTE
    ../clib/microlib/init/entry.s            0x00000000   Number         0  entry2.o ABSOLUTE
    ../clib/microlib/init/entry.s            0x00000000   Number         0  entry8b.o ABSOLUTE
    ../clib/microlib/init/entry.s            0x00000000   Number         0  entry11b.o ABSOLUTE
    ../clib/microlib/init/entry.s            0x00000000   Number         0  entry8a.o ABSOLUTE
    ../clib/microlib/init/entry.s            0x00000000   Number         0  entry.o ABSOLUTE
    ../clib/microlib/init/entry.s            0x00000000   Number         0  entry7b.o ABSOLUTE
    ../clib/microlib/init/entry.s            0x00000000   Number         0  entry7a.o ABSOLUTE
    ../clib/microlib/init/entry.s            0x00000000   Number         0  entry11a.o ABSOLUTE
    ../clib/microlib/init/entry.s            0x00000000   Number         0  entry10b.o ABSOLUTE
    ../clib/microlib/init/entry.s            0x00000000   Number         0  entry10a.o ABSOLUTE
    ../clib/microlib/init/entry.s            0x00000000   Number         0  entry9b.o ABSOLUTE
    ../clib/microlib/init/entry.s            0x00000000   Number         0  entry5.o ABSOLUTE
    ../clib/microlib/init/entry.s            0x00000000   Number         0  entry9a.o ABSOLUTE
    ../clib/microlib/longlong.c              0x00000000   Number         0  llsshr.o ABSOLUTE
    ../clib/microlib/longlong.c              0x00000000   Number         0  llshl.o ABSOLUTE
    ../clib/microlib/longlong.c              0x00000000   Number         0  llushr.o ABSOLUTE
    ../clib/microlib/printf/printf.c         0x00000000   Number         0  printf4.o ABSOLUTE
    ../clib/microlib/printf/printf.c         0x00000000   Number         0  printfa.o ABSOLUTE
    ../clib/microlib/printf/printf.c         0x00000000   Number         0  printf8.o ABSOLUTE
    ../clib/microlib/printf/printf.c         0x00000000   Number         0  printf1.o ABSOLUTE
    ../clib/microlib/printf/printf.c         0x00000000   Number         0  printf6.o ABSOLUTE
    ../clib/microlib/printf/printf.c         0x00000000   Number         0  printf7.o ABSOLUTE
    ../clib/microlib/printf/printf.c         0x00000000   Number         0  printfb.o ABSOLUTE
    ../clib/microlib/printf/printf.c         0x00000000   Number         0  printf0.o ABSOLUTE
    ../clib/microlib/printf/printf.c         0x00000000   Number         0  printf5.o ABSOLUTE
    ../clib/microlib/printf/printf.c         0x00000000   Number         0  printf2.o ABSOLUTE
    ../clib/microlib/printf/printf.c         0x00000000   Number         0  printf3.o ABSOLUTE
    ../clib/microlib/printf/stubs.s          0x00000000   Number         0  stubs.o ABSOLUTE
    ../clib/microlib/string/memcpy.c         0x00000000   Number         0  memcpya.o ABSOLUTE
    ../clib/microlib/string/memcpy.c         0x00000000   Number         0  memcpyb.o ABSOLUTE
    ../clib/microlib/string/memset.c         0x00000000   Number         0  memseta.o ABSOLUTE
    ../clib/microlib/string/strstr.c         0x00000000   Number         0  strstr.o ABSOLUTE
    ../clib/microlib/string/strtok.c         0x00000000   Number         0  strtok_r.o ABSOLUTE
    ../clib/microlib/string/strtok.c         0x00000000   Number         0  strtok.o ABSOLUTE
    ../clib/microlib/stubs.s                 0x00000000   Number         0  iusefp.o ABSOLUTE
    ../clib/scanf.c                          0x00000000   Number         0  strtod.o ABSOLUTE
    ../clib/scanf.c                          0x00000000   Number         0  scanf_fp.o ABSOLUTE
    ../clib/scanf.c                          0x00000000   Number         0  _sgetc.o ABSOLUTE
    ../fplib/microlib/d2f.c                  0x00000000   Number         0  d2f.o ABSOLUTE
    ../fplib/microlib/fpadd.c                0x00000000   Number         0  dadd.o ABSOLUTE
    ../fplib/microlib/fpdiv.c                0x00000000   Number         0  ddiv.o ABSOLUTE
    ../fplib/microlib/fpepilogue.c           0x00000000   Number         0  depilogue.o ABSOLUTE
    ../fplib/microlib/fpepilogue.c           0x00000000   Number         0  fepilogue.o ABSOLUTE
    ../fplib/microlib/fpfix.c                0x00000000   Number         0  dfixi.o ABSOLUTE
    ../fplib/microlib/fpfix.c                0x00000000   Number         0  dfixul.o ABSOLUTE
    ../fplib/microlib/fpflt.c                0x00000000   Number         0  dfltui.o ABSOLUTE
    ../fplib/microlib/fpflt.c                0x00000000   Number         0  dflti.o ABSOLUTE
    ../fplib/microlib/fpflt.c                0x00000000   Number         0  dfltul.o ABSOLUTE
    ../fplib/microlib/fpmul.c                0x00000000   Number         0  dmul.o ABSOLUTE
    ../fplib/microlib/fpneg.c                0x00000000   Number         0  dneg.o ABSOLUTE
    ../mathlib/atof.c                        0x00000000   Number         0  atof.o ABSOLUTE
    ../mathlib/cos.c                         0x00000000   Number         0  cos.o ABSOLUTE
    ../mathlib/cos.c                         0x00000000   Number         0  cos_x.o ABSOLUTE
    ../mathlib/cos_i.c                       0x00000000   Number         0  cos_i.o ABSOLUTE
    ../mathlib/dunder.c                      0x00000000   Number         0  dunder.o ABSOLUTE
    ../mathlib/fabs.c                        0x00000000   Number         0  fabs.o ABSOLUTE
    ../mathlib/fpclassify.c                  0x00000000   Number         0  fpclassify.o ABSOLUTE
    ../mathlib/poly.c                        0x00000000   Number         0  poly.o ABSOLUTE
    ../mathlib/rred.c                        0x00000000   Number         0  rred.o ABSOLUTE
    ../mathlib/sin_i.c                       0x00000000   Number         0  sin_i.o ABSOLUTE
    ../mathlib/sin_i.c                       0x00000000   Number         0  sin_i_x.o ABSOLUTE
    ..\Core\Src\gpio.c                       0x00000000   Number         0  gpio.o ABSOLUTE
    ..\Core\Src\main.c                       0x00000000   Number         0  main.o ABSOLUTE
    ..\Core\Src\stm32f4xx_hal_msp.c          0x00000000   Number         0  stm32f4xx_hal_msp.o ABSOLUTE
    ..\Core\Src\stm32f4xx_it.c               0x00000000   Number         0  stm32f4xx_it.o ABSOLUTE
    ..\Core\Src\system_stm32f4xx.c           0x00000000   Number         0  system_stm32f4xx.o ABSOLUTE
    ..\Core\Src\usart.c                      0x00000000   Number         0  usart_1.o ABSOLUTE
    ..\Drivers\STM32F4xx_HAL_Driver\Src\stm32f4xx_hal.c 0x00000000   Number         0  stm32f4xx_hal.o ABSOLUTE
    ..\Drivers\STM32F4xx_HAL_Driver\Src\stm32f4xx_hal_cortex.c 0x00000000   Number         0  stm32f4xx_hal_cortex.o ABSOLUTE
    ..\Drivers\STM32F4xx_HAL_Driver\Src\stm32f4xx_hal_dma.c 0x00000000   Number         0  stm32f4xx_hal_dma.o ABSOLUTE
    ..\Drivers\STM32F4xx_HAL_Driver\Src\stm32f4xx_hal_dma_ex.c 0x00000000   Number         0  stm32f4xx_hal_dma_ex.o ABSOLUTE
    ..\Drivers\STM32F4xx_HAL_Driver\Src\stm32f4xx_hal_exti.c 0x00000000   Number         0  stm32f4xx_hal_exti.o ABSOLUTE
    ..\Drivers\STM32F4xx_HAL_Driver\Src\stm32f4xx_hal_flash.c 0x00000000   Number         0  stm32f4xx_hal_flash.o ABSOLUTE
    ..\Drivers\STM32F4xx_HAL_Driver\Src\stm32f4xx_hal_flash_ex.c 0x00000000   Number         0  stm32f4xx_hal_flash_ex.o ABSOLUTE
    ..\Drivers\STM32F4xx_HAL_Driver\Src\stm32f4xx_hal_flash_ramfunc.c 0x00000000   Number         0  stm32f4xx_hal_flash_ramfunc.o ABSOLUTE
    ..\Drivers\STM32F4xx_HAL_Driver\Src\stm32f4xx_hal_gpio.c 0x00000000   Number         0  stm32f4xx_hal_gpio.o ABSOLUTE
    ..\Drivers\STM32F4xx_HAL_Driver\Src\stm32f4xx_hal_pwr.c 0x00000000   Number         0  stm32f4xx_hal_pwr.o ABSOLUTE
    ..\Drivers\STM32F4xx_HAL_Driver\Src\stm32f4xx_hal_pwr_ex.c 0x00000000   Number         0  stm32f4xx_hal_pwr_ex.o ABSOLUTE
    ..\Drivers\STM32F4xx_HAL_Driver\Src\stm32f4xx_hal_rcc.c 0x00000000   Number         0  stm32f4xx_hal_rcc.o ABSOLUTE
    ..\Drivers\STM32F4xx_HAL_Driver\Src\stm32f4xx_hal_rcc_ex.c 0x00000000   Number         0  stm32f4xx_hal_rcc_ex.o ABSOLUTE
    ..\Drivers\STM32F4xx_HAL_Driver\Src\stm32f4xx_hal_spi.c 0x00000000   Number         0  stm32f4xx_hal_spi.o ABSOLUTE
    ..\Drivers\STM32F4xx_HAL_Driver\Src\stm32f4xx_hal_uart.c 0x00000000   Number         0  stm32f4xx_hal_uart.o ABSOLUTE
    GPS\\gps982.c                            0x00000000   Number         0  gps982.o ABSOLUTE
    GPS\gps982.c                             0x00000000   Number         0  gps982.o ABSOLUTE
    LCD\\lcd_spi_154.c                       0x00000000   Number         0  lcd_spi_154.o ABSOLUTE
    LCD\lcd_fonts.c                          0x00000000   Number         0  lcd_fonts.o ABSOLUTE
    LCD\lcd_image.c                          0x00000000   Number         0  lcd_image.o ABSOLUTE
    LCD\lcd_spi_154.c                        0x00000000   Number         0  lcd_spi_154.o ABSOLUTE
    SYSTEM\\delay.c                          0x00000000   Number         0  delay.o ABSOLUTE
    SYSTEM\\sys.c                            0x00000000   Number         0  sys.o ABSOLUTE
    SYSTEM\delay.c                           0x00000000   Number         0  delay.o ABSOLUTE
    SYSTEM\sys.c                             0x00000000   Number         0  sys.o ABSOLUTE
    cdrcmple.s                               0x00000000   Number         0  cdrcmple.o ABSOLUTE
    dc.s                                     0x00000000   Number         0  dc.o ABSOLUTE
    handlers.s                               0x00000000   Number         0  handlers.o ABSOLUTE
    init.s                                   0x00000000   Number         0  init.o ABSOLUTE
    startup_stm32f407xx.s                    0x00000000   Number         0  startup_stm32f407xx.o ABSOLUTE
    RESET                                    0x08000000   Section      392  startup_stm32f407xx.o(RESET)
    .ARM.Collect$$$$00000000                 0x08000188   Section        0  entry.o(.ARM.Collect$$$$00000000)
    .ARM.Collect$$$$00000001                 0x08000188   Section        4  entry2.o(.ARM.Collect$$$$00000001)
    .ARM.Collect$$$$00000004                 0x0800018c   Section        4  entry5.o(.ARM.Collect$$$$00000004)
    .ARM.Collect$$$$00000008                 0x08000190   Section        0  entry7b.o(.ARM.Collect$$$$00000008)
    .ARM.Collect$$$$0000000A                 0x08000190   Section        0  entry8b.o(.ARM.Collect$$$$0000000A)
    .ARM.Collect$$$$0000000B                 0x08000190   Section        8  entry9a.o(.ARM.Collect$$$$0000000B)
    .ARM.Collect$$$$0000000D                 0x08000198   Section        0  entry10a.o(.ARM.Collect$$$$0000000D)
    .ARM.Collect$$$$0000000F                 0x08000198   Section        0  entry11a.o(.ARM.Collect$$$$0000000F)
    .ARM.Collect$$$$00002712                 0x08000198   Section        4  entry2.o(.ARM.Collect$$$$00002712)
    __lit__00000000                          0x08000198   Data           4  entry2.o(.ARM.Collect$$$$00002712)
    .text                                    0x0800019c   Section       36  startup_stm32f407xx.o(.text)
    $v0                                      0x0800019c   Number         0  startup_stm32f407xx.o(.text)
    .text                                    0x080001c0   Section        0  uldiv.o(.text)
    .text                                    0x08000222   Section        0  memcpya.o(.text)
    .text                                    0x08000246   Section        0  memseta.o(.text)
    .text                                    0x0800026a   Section        0  strstr.o(.text)
    .text                                    0x08000290   Section        0  strtok.o(.text)
    .text                                    0x080002d4   Section        0  dadd.o(.text)
    .text                                    0x08000422   Section        0  dmul.o(.text)
    .text                                    0x08000506   Section        0  ddiv.o(.text)
    .text                                    0x080005e4   Section        0  dflti.o(.text)
    .text                                    0x08000606   Section        0  dfltui.o(.text)
    .text                                    0x08000620   Section        0  dfixi.o(.text)
    .text                                    0x0800065e   Section        0  uidiv.o(.text)
    .text                                    0x0800068a   Section        0  llshl.o(.text)
    .text                                    0x080006a8   Section        0  llushr.o(.text)
    .text                                    0x080006c8   Section        0  llsshr.o(.text)
    .text                                    0x080006ec   Section        0  strtod.o(.text)
    _local_sscanf                            0x080006ed   Thumb Code    54  strtod.o(.text)
    .text                                    0x08000788   Section        0  iusefp.o(.text)
    .text                                    0x08000788   Section        0  depilogue.o(.text)
    .text                                    0x08000842   Section        0  dfixul.o(.text)
    .text                                    0x08000874   Section       48  cdrcmple.o(.text)
    .text                                    0x080008a4   Section       36  init.o(.text)
    .text                                    0x080008c8   Section        0  isspace_c.o(.text)
    .text                                    0x080008d4   Section        0  scanf_fp.o(.text)
    _fp_value                                0x080008d5   Thumb Code   296  scanf_fp.o(.text)
    .text                                    0x08000c34   Section        0  _sgetc.o(.text)
    .text                                    0x08000c74   Section        0  ctype_c.o(.text)
    .text                                    0x08000c9c   Section        0  dfltul.o(.text)
    .text                                    0x08000cb4   Section        0  d2f.o(.text)
    .text                                    0x08000cec   Section        0  fepilogue.o(.text)
    i.BusFault_Handler                       0x08000d5a   Section        0  stm32f4xx_it.o(i.BusFault_Handler)
    i.DebugMon_Handler                       0x08000d5c   Section        0  stm32f4xx_it.o(i.DebugMon_Handler)
    i.Error_Handler                          0x08000d5e   Section        0  main.o(i.Error_Handler)
    i.HAL_DMA_Abort                          0x08000d62   Section        0  stm32f4xx_hal_dma.o(i.HAL_DMA_Abort)
    i.HAL_DMA_Abort_IT                       0x08000df4   Section        0  stm32f4xx_hal_dma.o(i.HAL_DMA_Abort_IT)
    i.HAL_Delay                              0x08000e18   Section        0  delay.o(i.HAL_Delay)
    i.HAL_GPIO_Init                          0x08000e20   Section        0  stm32f4xx_hal_gpio.o(i.HAL_GPIO_Init)
    i.HAL_GPIO_TogglePin                     0x08001010   Section        0  stm32f4xx_hal_gpio.o(i.HAL_GPIO_TogglePin)
    i.HAL_GPIO_WritePin                      0x08001020   Section        0  stm32f4xx_hal_gpio.o(i.HAL_GPIO_WritePin)
    i.HAL_GetTick                            0x0800102c   Section        0  stm32f4xx_hal.o(i.HAL_GetTick)
    i.HAL_IncTick                            0x08001038   Section        0  stm32f4xx_hal.o(i.HAL_IncTick)
    i.HAL_Init                               0x08001048   Section        0  stm32f4xx_hal.o(i.HAL_Init)
    i.HAL_InitTick                           0x0800107c   Section        0  stm32f4xx_hal.o(i.HAL_InitTick)
    i.HAL_MspInit                            0x080010bc   Section        0  stm32f4xx_hal_msp.o(i.HAL_MspInit)
    i.HAL_NVIC_EnableIRQ                     0x080010ec   Section        0  stm32f4xx_hal_cortex.o(i.HAL_NVIC_EnableIRQ)
    i.HAL_NVIC_SetPriority                   0x08001108   Section        0  stm32f4xx_hal_cortex.o(i.HAL_NVIC_SetPriority)
    i.HAL_NVIC_SetPriorityGrouping           0x08001148   Section        0  stm32f4xx_hal_cortex.o(i.HAL_NVIC_SetPriorityGrouping)
    i.HAL_RCC_ClockConfig                    0x0800116c   Section        0  stm32f4xx_hal_rcc.o(i.HAL_RCC_ClockConfig)
    i.HAL_RCC_GetPCLK1Freq                   0x080012a0   Section        0  stm32f4xx_hal_rcc.o(i.HAL_RCC_GetPCLK1Freq)
    i.HAL_RCC_GetPCLK2Freq                   0x080012c0   Section        0  stm32f4xx_hal_rcc.o(i.HAL_RCC_GetPCLK2Freq)
    i.HAL_RCC_GetSysClockFreq                0x080012e0   Section        0  stm32f4xx_hal_rcc.o(i.HAL_RCC_GetSysClockFreq)
    i.HAL_RCC_OscConfig                      0x08001340   Section        0  stm32f4xx_hal_rcc.o(i.HAL_RCC_OscConfig)
    i.HAL_SPI_Init                           0x080016ac   Section        0  stm32f4xx_hal_spi.o(i.HAL_SPI_Init)
    i.HAL_SPI_MspInit                        0x08001768   Section        0  lcd_spi_154.o(i.HAL_SPI_MspInit)
    i.HAL_SYSTICK_Config                     0x08001884   Section        0  stm32f4xx_hal_cortex.o(i.HAL_SYSTICK_Config)
    i.HAL_UARTEx_RxEventCallback             0x080018ac   Section        0  stm32f4xx_hal_uart.o(i.HAL_UARTEx_RxEventCallback)
    i.HAL_UART_ErrorCallback                 0x080018ae   Section        0  stm32f4xx_hal_uart.o(i.HAL_UART_ErrorCallback)
    i.HAL_UART_IRQHandler                    0x080018b0   Section        0  stm32f4xx_hal_uart.o(i.HAL_UART_IRQHandler)
    i.HAL_UART_Init                          0x08001b20   Section        0  stm32f4xx_hal_uart.o(i.HAL_UART_Init)
    i.HAL_UART_MspInit                       0x08001b84   Section        0  usart_1.o(i.HAL_UART_MspInit)
    i.HAL_UART_Receive_IT                    0x08001c00   Section        0  stm32f4xx_hal_uart.o(i.HAL_UART_Receive_IT)
    i.HAL_UART_RxCpltCallback                0x08001c1c   Section        0  gps982.o(i.HAL_UART_RxCpltCallback)
    i.HAL_UART_TxCpltCallback                0x08001cb0   Section        0  stm32f4xx_hal_uart.o(i.HAL_UART_TxCpltCallback)
    i.HardFault_Handler                      0x08001cb2   Section        0  stm32f4xx_it.o(i.HardFault_Handler)
    i.If_valid                               0x08001cb4   Section        0  gps982.o(i.If_valid)
    i.LCD_Clear                              0x08001d80   Section        0  lcd_spi_154.o(i.LCD_Clear)
    i.LCD_DisplayChar                        0x08001e18   Section        0  lcd_spi_154.o(i.LCD_DisplayChar)
    i.LCD_DisplayString                      0x08001ed8   Section        0  lcd_spi_154.o(i.LCD_DisplayString)
    i.LCD_SetAddress                         0x08001f14   Section        0  lcd_spi_154.o(i.LCD_SetAddress)
    i.LCD_SetBackColor                       0x08001f88   Section        0  lcd_spi_154.o(i.LCD_SetBackColor)
    i.LCD_SetColor                           0x08001fac   Section        0  lcd_spi_154.o(i.LCD_SetColor)
    i.LCD_SetDirection                       0x08001fd0   Section        0  lcd_spi_154.o(i.LCD_SetDirection)
    i.LCD_WriteBuff                          0x0800205c   Section        0  lcd_spi_154.o(i.LCD_WriteBuff)
    i.LCD_WriteCommand                       0x080020d8   Section        0  lcd_spi_154.o(i.LCD_WriteCommand)
    i.LCD_WriteData_16bit                    0x08002120   Section        0  lcd_spi_154.o(i.LCD_WriteData_16bit)
    i.LCD_WriteData_8bit                     0x08002140   Section        0  lcd_spi_154.o(i.LCD_WriteData_8bit)
    i.MX_GPIO_Init                           0x08002154   Section        0  gpio.o(i.MX_GPIO_Init)
    i.MX_SPI3_Init                           0x080021d4   Section        0  lcd_spi_154.o(i.MX_SPI3_Init)
    i.MX_USART1_UART_Init                    0x08002224   Section        0  usart_1.o(i.MX_USART1_UART_Init)
    i.MemManage_Handler                      0x0800225c   Section        0  stm32f4xx_it.o(i.MemManage_Handler)
    i.NMI_Handler                            0x0800225e   Section        0  stm32f4xx_it.o(i.NMI_Handler)
    i.PendSV_Handler                         0x08002260   Section        0  stm32f4xx_it.o(i.PendSV_Handler)
    i.SPI_LCD_Init                           0x08002264   Section        0  lcd_spi_154.o(i.SPI_LCD_Init)
    i.SVC_Handler                            0x08002440   Section        0  stm32f4xx_it.o(i.SVC_Handler)
    i.SysTick_Handler                        0x08002442   Section        0  stm32f4xx_it.o(i.SysTick_Handler)
    i.SystemClock_Config                     0x08002448   Section        0  main.o(i.SystemClock_Config)
    i.SystemInit                             0x080024dc   Section        0  system_stm32f4xx.o(i.SystemInit)
    i.UART_DMAAbortOnError                   0x080024ec   Section        0  stm32f4xx_hal_uart.o(i.UART_DMAAbortOnError)
    UART_DMAAbortOnError                     0x080024ed   Thumb Code    16  stm32f4xx_hal_uart.o(i.UART_DMAAbortOnError)
    i.UART_EndRxTransfer                     0x080024fc   Section        0  stm32f4xx_hal_uart.o(i.UART_EndRxTransfer)
    UART_EndRxTransfer                       0x080024fd   Thumb Code    78  stm32f4xx_hal_uart.o(i.UART_EndRxTransfer)
    i.UART_Receive_IT                        0x0800254a   Section        0  stm32f4xx_hal_uart.o(i.UART_Receive_IT)
    UART_Receive_IT                          0x0800254b   Thumb Code   194  stm32f4xx_hal_uart.o(i.UART_Receive_IT)
    i.UART_SetConfig                         0x0800260c   Section        0  stm32f4xx_hal_uart.o(i.UART_SetConfig)
    UART_SetConfig                           0x0800260d   Thumb Code   258  stm32f4xx_hal_uart.o(i.UART_SetConfig)
    i.UART_Start_Receive_IT                  0x08002718   Section        0  stm32f4xx_hal_uart.o(i.UART_Start_Receive_IT)
    i.USART1_IRQHandler                      0x08002750   Section        0  stm32f4xx_it.o(i.USART1_IRQHandler)
    i.UsageFault_Handler                     0x0800275c   Section        0  stm32f4xx_it.o(i.UsageFault_Handler)
    i.__0sprintf                             0x08002760   Section        0  printfa.o(i.__0sprintf)
    i.__ARM_fpclassify                       0x08002788   Section        0  fpclassify.o(i.__ARM_fpclassify)
    i.__NVIC_SetPriority                     0x080027b8   Section        0  stm32f4xx_hal_cortex.o(i.__NVIC_SetPriority)
    __NVIC_SetPriority                       0x080027b9   Thumb Code    32  stm32f4xx_hal_cortex.o(i.__NVIC_SetPriority)
    i.__hardfp_atof                          0x080027d8   Section        0  atof.o(i.__hardfp_atof)
    i.__hardfp_cos                           0x08002810   Section        0  cos.o(i.__hardfp_cos)
    i.__ieee754_rem_pio2                     0x080028d8   Section        0  rred.o(i.__ieee754_rem_pio2)
    i.__kernel_cos                           0x08002d10   Section        0  cos_i.o(i.__kernel_cos)
    i.__kernel_poly                          0x08002e80   Section        0  poly.o(i.__kernel_poly)
    i.__kernel_sin                           0x08002f78   Section        0  sin_i.o(i.__kernel_sin)
    i.__mathlib_dbl_infnan                   0x080030a8   Section        0  dunder.o(i.__mathlib_dbl_infnan)
    i.__mathlib_dbl_invalid                  0x080030c0   Section        0  dunder.o(i.__mathlib_dbl_invalid)
    i.__mathlib_dbl_underflow                0x080030e0   Section        0  dunder.o(i.__mathlib_dbl_underflow)
    i.__read_errno                           0x08003100   Section        0  errno.o(i.__read_errno)
    i.__scatterload_copy                     0x0800310c   Section       14  handlers.o(i.__scatterload_copy)
    i.__scatterload_null                     0x0800311a   Section        2  handlers.o(i.__scatterload_null)
    i.__scatterload_zeroinit                 0x0800311c   Section       14  handlers.o(i.__scatterload_zeroinit)
    i.__set_errno                            0x0800312c   Section        0  errno.o(i.__set_errno)
    i._fp_digits                             0x08003138   Section        0  printfa.o(i._fp_digits)
    _fp_digits                               0x08003139   Thumb Code   366  printfa.o(i._fp_digits)
    i._is_digit                              0x080032bc   Section        0  scanf_fp.o(i._is_digit)
    i._printf_core                           0x080032cc   Section        0  printfa.o(i._printf_core)
    _printf_core                             0x080032cd   Thumb Code  1744  printfa.o(i._printf_core)
    i._printf_post_padding                   0x080039a8   Section        0  printfa.o(i._printf_post_padding)
    _printf_post_padding                     0x080039a9   Thumb Code    36  printfa.o(i._printf_post_padding)
    i._printf_pre_padding                    0x080039cc   Section        0  printfa.o(i._printf_pre_padding)
    _printf_pre_padding                      0x080039cd   Thumb Code    46  printfa.o(i._printf_pre_padding)
    i._sputc                                 0x080039fa   Section        0  printfa.o(i._sputc)
    _sputc                                   0x080039fb   Thumb Code    10  printfa.o(i._sputc)
    i.calculate_distance_difference          0x08003a04   Section        0  gps982.o(i.calculate_distance_difference)
    i.delay_init                             0x08003b38   Section        0  delay.o(i.delay_init)
    i.delay_ms                               0x08003b44   Section        0  delay.o(i.delay_ms)
    i.delay_us                               0x08003b50   Section        0  delay.o(i.delay_us)
    i.dm_to_deg                              0x08003b84   Section        0  gps982.o(i.dm_to_deg)
    i.dm_to_dms                              0x08003bf0   Section        0  gps982.o(i.dm_to_dms)
    i.extract_lat_lon                        0x08003c58   Section        0  gps982.o(i.extract_lat_lon)
    i.fabs                                   0x08003c98   Section        0  fabs.o(i.fabs)
    i.main                                   0x08003cb0   Section        0  main.o(i.main)
    .constdata                               0x08003dec   Section     4560  lcd_fonts.o(.constdata)
    .constdata                               0x08004fbc   Section       16  system_stm32f4xx.o(.constdata)
    .constdata                               0x08004fcc   Section        8  system_stm32f4xx.o(.constdata)
    .constdata                               0x08004fd8   Section       48  cos_i.o(.constdata)
    C                                        0x08004fd8   Data          48  cos_i.o(.constdata)
    .constdata                               0x08005008   Section      200  rred.o(.constdata)
    pio2s                                    0x08005008   Data          48  rred.o(.constdata)
    twooverpi                                0x08005038   Data         152  rred.o(.constdata)
    .constdata                               0x080050d0   Section       40  sin_i.o(.constdata)
    S                                        0x080050d0   Data          40  sin_i.o(.constdata)
    .constdata                               0x080050f8   Section       64  ctype_c.o(.constdata)
    .data                                    0x20000000   Section        4  delay.o(.data)
    g_fac_us                                 0x20000000   Data           4  delay.o(.data)
    .data                                    0x20000004   Section       12  lcd_fonts.o(.data)
    .data                                    0x20000010   Section        8  lcd_spi_154.o(.data)
    LCD_AsciiFonts                           0x20000010   Data           4  lcd_spi_154.o(.data)
    LCD_CHFonts                              0x20000014   Data           4  lcd_spi_154.o(.data)
    .data                                    0x20000018   Section       48  main.o(.data)
    .data                                    0x20000048   Section       12  stm32f4xx_hal.o(.data)
    .data                                    0x20000054   Section        4  system_stm32f4xx.o(.data)
    .data                                    0x20000058   Section        2  gps982.o(.data)
    .data                                    0x2000005c   Section        4  strtok.o(.data)
    state                                    0x2000005c   Data           4  strtok.o(.data)
    .data                                    0x20000060   Section        4  errno.o(.data)
    _errno                                   0x20000060   Data           4  errno.o(.data)
    .bss                                     0x20000064   Section     2152  lcd_spi_154.o(.bss)
    .bss                                     0x200008cc   Section       72  usart_1.o(.bss)
    .bss                                     0x20000914   Section      580  gps982.o(.bss)
    STACK                                    0x20000b58   Section     1024  startup_stm32f407xx.o(STACK)

    Global Symbols

    Symbol Name                              Value     Ov Type        Size  Object(Section)

    BuildAttributes$$THM_ISAv4$E$P$D$K$B$S$7EM$VFPi3$EXTD16$VFPS$VFMA$PE$A:L22UL41UL21$X:L11$S22US41US21$IEEE1$IW$USESV6$~STKCKD$USESV7$~SHL$OTIME$ROPI$IEEEX$EBA8$MICROLIB$REQ8$PRES8$EABIv2 0x00000000   Number         0  anon$$obj.o ABSOLUTE
    __ARM_use_no_argv                        0x00000000   Number         0  main.o ABSOLUTE
    _printf_a                                0x00000000   Number         0  stubs.o ABSOLUTE
    _printf_c                                0x00000000   Number         0  stubs.o ABSOLUTE
    _printf_charcount                        0x00000000   Number         0  stubs.o ABSOLUTE
    _printf_d                                0x00000000   Number         0  stubs.o ABSOLUTE
    _printf_e                                0x00000000   Number         0  stubs.o ABSOLUTE
    _printf_f                                0x00000000   Number         0  stubs.o ABSOLUTE
    _printf_flags                            0x00000000   Number         0  stubs.o ABSOLUTE
    _printf_fp_dec                           0x00000000   Number         0  stubs.o ABSOLUTE
    _printf_fp_hex                           0x00000000   Number         0  stubs.o ABSOLUTE
    _printf_g                                0x00000000   Number         0  stubs.o ABSOLUTE
    _printf_i                                0x00000000   Number         0  stubs.o ABSOLUTE
    _printf_int_dec                          0x00000000   Number         0  stubs.o ABSOLUTE
    _printf_l                                0x00000000   Number         0  stubs.o ABSOLUTE
    _printf_lc                               0x00000000   Number         0  stubs.o ABSOLUTE
    _printf_ll                               0x00000000   Number         0  stubs.o ABSOLUTE
    _printf_lld                              0x00000000   Number         0  stubs.o ABSOLUTE
    _printf_lli                              0x00000000   Number         0  stubs.o ABSOLUTE
    _printf_llo                              0x00000000   Number         0  stubs.o ABSOLUTE
    _printf_llu                              0x00000000   Number         0  stubs.o ABSOLUTE
    _printf_llx                              0x00000000   Number         0  stubs.o ABSOLUTE
    _printf_longlong_dec                     0x00000000   Number         0  stubs.o ABSOLUTE
    _printf_longlong_hex                     0x00000000   Number         0  stubs.o ABSOLUTE
    _printf_longlong_oct                     0x00000000   Number         0  stubs.o ABSOLUTE
    _printf_ls                               0x00000000   Number         0  stubs.o ABSOLUTE
    _printf_mbtowc                           0x00000000   Number         0  stubs.o ABSOLUTE
    _printf_n                                0x00000000   Number         0  stubs.o ABSOLUTE
    _printf_o                                0x00000000   Number         0  stubs.o ABSOLUTE
    _printf_p                                0x00000000   Number         0  stubs.o ABSOLUTE
    _printf_percent                          0x00000000   Number         0  stubs.o ABSOLUTE
    _printf_pre_padding                      0x00000000   Number         0  stubs.o ABSOLUTE
    _printf_return_value                     0x00000000   Number         0  stubs.o ABSOLUTE
    _printf_s                                0x00000000   Number         0  stubs.o ABSOLUTE
    _printf_sizespec                         0x00000000   Number         0  stubs.o ABSOLUTE
    _printf_str                              0x00000000   Number         0  stubs.o ABSOLUTE
    _printf_truncate_signed                  0x00000000   Number         0  stubs.o ABSOLUTE
    _printf_truncate_unsigned                0x00000000   Number         0  stubs.o ABSOLUTE
    _printf_u                                0x00000000   Number         0  stubs.o ABSOLUTE
    _printf_wc                               0x00000000   Number         0  stubs.o ABSOLUTE
    _printf_wctomb                           0x00000000   Number         0  stubs.o ABSOLUTE
    _printf_widthprec                        0x00000000   Number         0  stubs.o ABSOLUTE
    _printf_x                                0x00000000   Number         0  stubs.o ABSOLUTE
    __cpp_initialize__aeabi_                  - Undefined Weak Reference
    __cxa_finalize                            - Undefined Weak Reference
    __decompress                              - Undefined Weak Reference
    _clock_init                               - Undefined Weak Reference
    _microlib_exit                            - Undefined Weak Reference
    __Vectors_Size                           0x00000188   Number         0  startup_stm32f407xx.o ABSOLUTE
    __Vectors                                0x08000000   Data           4  startup_stm32f407xx.o(RESET)
    __Vectors_End                            0x08000188   Data           0  startup_stm32f407xx.o(RESET)
    __main                                   0x08000189   Thumb Code     0  entry.o(.ARM.Collect$$$$00000000)
    _main_stk                                0x08000189   Thumb Code     0  entry2.o(.ARM.Collect$$$$00000001)
    _main_scatterload                        0x0800018d   Thumb Code     0  entry5.o(.ARM.Collect$$$$00000004)
    __main_after_scatterload                 0x08000191   Thumb Code     0  entry5.o(.ARM.Collect$$$$00000004)
    _main_clock                              0x08000191   Thumb Code     0  entry7b.o(.ARM.Collect$$$$00000008)
    _main_cpp_init                           0x08000191   Thumb Code     0  entry8b.o(.ARM.Collect$$$$0000000A)
    _main_init                               0x08000191   Thumb Code     0  entry9a.o(.ARM.Collect$$$$0000000B)
    __rt_final_cpp                           0x08000199   Thumb Code     0  entry10a.o(.ARM.Collect$$$$0000000D)
    __rt_final_exit                          0x08000199   Thumb Code     0  entry11a.o(.ARM.Collect$$$$0000000F)
    Reset_Handler                            0x0800019d   Thumb Code     8  startup_stm32f407xx.o(.text)
    ADC_IRQHandler                           0x080001b7   Thumb Code     0  startup_stm32f407xx.o(.text)
    CAN1_RX0_IRQHandler                      0x080001b7   Thumb Code     0  startup_stm32f407xx.o(.text)
    CAN1_RX1_IRQHandler                      0x080001b7   Thumb Code     0  startup_stm32f407xx.o(.text)
    CAN1_SCE_IRQHandler                      0x080001b7   Thumb Code     0  startup_stm32f407xx.o(.text)
    CAN1_TX_IRQHandler                       0x080001b7   Thumb Code     0  startup_stm32f407xx.o(.text)
    CAN2_RX0_IRQHandler                      0x080001b7   Thumb Code     0  startup_stm32f407xx.o(.text)
    CAN2_RX1_IRQHandler                      0x080001b7   Thumb Code     0  startup_stm32f407xx.o(.text)
    CAN2_SCE_IRQHandler                      0x080001b7   Thumb Code     0  startup_stm32f407xx.o(.text)
    CAN2_TX_IRQHandler                       0x080001b7   Thumb Code     0  startup_stm32f407xx.o(.text)
    DCMI_IRQHandler                          0x080001b7   Thumb Code     0  startup_stm32f407xx.o(.text)
    DMA1_Stream0_IRQHandler                  0x080001b7   Thumb Code     0  startup_stm32f407xx.o(.text)
    DMA1_Stream1_IRQHandler                  0x080001b7   Thumb Code     0  startup_stm32f407xx.o(.text)
    DMA1_Stream2_IRQHandler                  0x080001b7   Thumb Code     0  startup_stm32f407xx.o(.text)
    DMA1_Stream3_IRQHandler                  0x080001b7   Thumb Code     0  startup_stm32f407xx.o(.text)
    DMA1_Stream4_IRQHandler                  0x080001b7   Thumb Code     0  startup_stm32f407xx.o(.text)
    DMA1_Stream5_IRQHandler                  0x080001b7   Thumb Code     0  startup_stm32f407xx.o(.text)
    DMA1_Stream6_IRQHandler                  0x080001b7   Thumb Code     0  startup_stm32f407xx.o(.text)
    DMA1_Stream7_IRQHandler                  0x080001b7   Thumb Code     0  startup_stm32f407xx.o(.text)
    DMA2_Stream0_IRQHandler                  0x080001b7   Thumb Code     0  startup_stm32f407xx.o(.text)
    DMA2_Stream1_IRQHandler                  0x080001b7   Thumb Code     0  startup_stm32f407xx.o(.text)
    DMA2_Stream2_IRQHandler                  0x080001b7   Thumb Code     0  startup_stm32f407xx.o(.text)
    DMA2_Stream3_IRQHandler                  0x080001b7   Thumb Code     0  startup_stm32f407xx.o(.text)
    DMA2_Stream4_IRQHandler                  0x080001b7   Thumb Code     0  startup_stm32f407xx.o(.text)
    DMA2_Stream5_IRQHandler                  0x080001b7   Thumb Code     0  startup_stm32f407xx.o(.text)
    DMA2_Stream6_IRQHandler                  0x080001b7   Thumb Code     0  startup_stm32f407xx.o(.text)
    DMA2_Stream7_IRQHandler                  0x080001b7   Thumb Code     0  startup_stm32f407xx.o(.text)
    ETH_IRQHandler                           0x080001b7   Thumb Code     0  startup_stm32f407xx.o(.text)
    ETH_WKUP_IRQHandler                      0x080001b7   Thumb Code     0  startup_stm32f407xx.o(.text)
    EXTI0_IRQHandler                         0x080001b7   Thumb Code     0  startup_stm32f407xx.o(.text)
    EXTI15_10_IRQHandler                     0x080001b7   Thumb Code     0  startup_stm32f407xx.o(.text)
    EXTI1_IRQHandler                         0x080001b7   Thumb Code     0  startup_stm32f407xx.o(.text)
    EXTI2_IRQHandler                         0x080001b7   Thumb Code     0  startup_stm32f407xx.o(.text)
    EXTI3_IRQHandler                         0x080001b7   Thumb Code     0  startup_stm32f407xx.o(.text)
    EXTI4_IRQHandler                         0x080001b7   Thumb Code     0  startup_stm32f407xx.o(.text)
    EXTI9_5_IRQHandler                       0x080001b7   Thumb Code     0  startup_stm32f407xx.o(.text)
    FLASH_IRQHandler                         0x080001b7   Thumb Code     0  startup_stm32f407xx.o(.text)
    FMC_IRQHandler                           0x080001b7   Thumb Code     0  startup_stm32f407xx.o(.text)
    FPU_IRQHandler                           0x080001b7   Thumb Code     0  startup_stm32f407xx.o(.text)
    HASH_RNG_IRQHandler                      0x080001b7   Thumb Code     0  startup_stm32f407xx.o(.text)
    I2C1_ER_IRQHandler                       0x080001b7   Thumb Code     0  startup_stm32f407xx.o(.text)
    I2C1_EV_IRQHandler                       0x080001b7   Thumb Code     0  startup_stm32f407xx.o(.text)
    I2C2_ER_IRQHandler                       0x080001b7   Thumb Code     0  startup_stm32f407xx.o(.text)
    I2C2_EV_IRQHandler                       0x080001b7   Thumb Code     0  startup_stm32f407xx.o(.text)
    I2C3_ER_IRQHandler                       0x080001b7   Thumb Code     0  startup_stm32f407xx.o(.text)
    I2C3_EV_IRQHandler                       0x080001b7   Thumb Code     0  startup_stm32f407xx.o(.text)
    OTG_FS_IRQHandler                        0x080001b7   Thumb Code     0  startup_stm32f407xx.o(.text)
    OTG_FS_WKUP_IRQHandler                   0x080001b7   Thumb Code     0  startup_stm32f407xx.o(.text)
    OTG_HS_EP1_IN_IRQHandler                 0x080001b7   Thumb Code     0  startup_stm32f407xx.o(.text)
    OTG_HS_EP1_OUT_IRQHandler                0x080001b7   Thumb Code     0  startup_stm32f407xx.o(.text)
    OTG_HS_IRQHandler                        0x080001b7   Thumb Code     0  startup_stm32f407xx.o(.text)
    OTG_HS_WKUP_IRQHandler                   0x080001b7   Thumb Code     0  startup_stm32f407xx.o(.text)
    PVD_IRQHandler                           0x080001b7   Thumb Code     0  startup_stm32f407xx.o(.text)
    RCC_IRQHandler                           0x080001b7   Thumb Code     0  startup_stm32f407xx.o(.text)
    RTC_Alarm_IRQHandler                     0x080001b7   Thumb Code     0  startup_stm32f407xx.o(.text)
    RTC_WKUP_IRQHandler                      0x080001b7   Thumb Code     0  startup_stm32f407xx.o(.text)
    SDIO_IRQHandler                          0x080001b7   Thumb Code     0  startup_stm32f407xx.o(.text)
    SPI1_IRQHandler                          0x080001b7   Thumb Code     0  startup_stm32f407xx.o(.text)
    SPI2_IRQHandler                          0x080001b7   Thumb Code     0  startup_stm32f407xx.o(.text)
    SPI3_IRQHandler                          0x080001b7   Thumb Code     0  startup_stm32f407xx.o(.text)
    TAMP_STAMP_IRQHandler                    0x080001b7   Thumb Code     0  startup_stm32f407xx.o(.text)
    TIM1_BRK_TIM9_IRQHandler                 0x080001b7   Thumb Code     0  startup_stm32f407xx.o(.text)
    TIM1_CC_IRQHandler                       0x080001b7   Thumb Code     0  startup_stm32f407xx.o(.text)
    TIM1_TRG_COM_TIM11_IRQHandler            0x080001b7   Thumb Code     0  startup_stm32f407xx.o(.text)
    TIM1_UP_TIM10_IRQHandler                 0x080001b7   Thumb Code     0  startup_stm32f407xx.o(.text)
    TIM2_IRQHandler                          0x080001b7   Thumb Code     0  startup_stm32f407xx.o(.text)
    TIM3_IRQHandler                          0x080001b7   Thumb Code     0  startup_stm32f407xx.o(.text)
    TIM4_IRQHandler                          0x080001b7   Thumb Code     0  startup_stm32f407xx.o(.text)
    TIM5_IRQHandler                          0x080001b7   Thumb Code     0  startup_stm32f407xx.o(.text)
    TIM6_DAC_IRQHandler                      0x080001b7   Thumb Code     0  startup_stm32f407xx.o(.text)
    TIM7_IRQHandler                          0x080001b7   Thumb Code     0  startup_stm32f407xx.o(.text)
    TIM8_BRK_TIM12_IRQHandler                0x080001b7   Thumb Code     0  startup_stm32f407xx.o(.text)
    TIM8_CC_IRQHandler                       0x080001b7   Thumb Code     0  startup_stm32f407xx.o(.text)
    TIM8_TRG_COM_TIM14_IRQHandler            0x080001b7   Thumb Code     0  startup_stm32f407xx.o(.text)
    TIM8_UP_TIM13_IRQHandler                 0x080001b7   Thumb Code     0  startup_stm32f407xx.o(.text)
    UART4_IRQHandler                         0x080001b7   Thumb Code     0  startup_stm32f407xx.o(.text)
    UART5_IRQHandler                         0x080001b7   Thumb Code     0  startup_stm32f407xx.o(.text)
    USART2_IRQHandler                        0x080001b7   Thumb Code     0  startup_stm32f407xx.o(.text)
    USART3_IRQHandler                        0x080001b7   Thumb Code     0  startup_stm32f407xx.o(.text)
    USART6_IRQHandler                        0x080001b7   Thumb Code     0  startup_stm32f407xx.o(.text)
    WWDG_IRQHandler                          0x080001b7   Thumb Code     0  startup_stm32f407xx.o(.text)
    __aeabi_uldivmod                         0x080001c1   Thumb Code    98  uldiv.o(.text)
    __aeabi_memcpy                           0x08000223   Thumb Code    36  memcpya.o(.text)
    __aeabi_memcpy4                          0x08000223   Thumb Code     0  memcpya.o(.text)
    __aeabi_memcpy8                          0x08000223   Thumb Code     0  memcpya.o(.text)
    __aeabi_memset                           0x08000247   Thumb Code    14  memseta.o(.text)
    __aeabi_memset4                          0x08000247   Thumb Code     0  memseta.o(.text)
    __aeabi_memset8                          0x08000247   Thumb Code     0  memseta.o(.text)
    __aeabi_memclr                           0x08000255   Thumb Code     4  memseta.o(.text)
    __aeabi_memclr4                          0x08000255   Thumb Code     0  memseta.o(.text)
    __aeabi_memclr8                          0x08000255   Thumb Code     0  memseta.o(.text)
    _memset$wrapper                          0x08000259   Thumb Code    18  memseta.o(.text)
    strstr                                   0x0800026b   Thumb Code    36  strstr.o(.text)
    strtok                                   0x08000291   Thumb Code    62  strtok.o(.text)
    __aeabi_dadd                             0x080002d5   Thumb Code   322  dadd.o(.text)
    __aeabi_dsub                             0x08000417   Thumb Code     6  dadd.o(.text)
    __aeabi_drsub                            0x0800041d   Thumb Code     6  dadd.o(.text)
    __aeabi_dmul                             0x08000423   Thumb Code   228  dmul.o(.text)
    __aeabi_ddiv                             0x08000507   Thumb Code   222  ddiv.o(.text)
    __aeabi_i2d                              0x080005e5   Thumb Code    34  dflti.o(.text)
    __aeabi_ui2d                             0x08000607   Thumb Code    26  dfltui.o(.text)
    __aeabi_d2iz                             0x08000621   Thumb Code    62  dfixi.o(.text)
    __aeabi_uidiv                            0x0800065f   Thumb Code     0  uidiv.o(.text)
    __aeabi_uidivmod                         0x0800065f   Thumb Code    44  uidiv.o(.text)
    __aeabi_llsl                             0x0800068b   Thumb Code    30  llshl.o(.text)
    _ll_shift_l                              0x0800068b   Thumb Code     0  llshl.o(.text)
    __aeabi_llsr                             0x080006a9   Thumb Code    32  llushr.o(.text)
    _ll_ushift_r                             0x080006a9   Thumb Code     0  llushr.o(.text)
    __aeabi_lasr                             0x080006c9   Thumb Code    36  llsshr.o(.text)
    _ll_sshift_r                             0x080006c9   Thumb Code     0  llsshr.o(.text)
    __strtod_int                             0x08000723   Thumb Code    90  strtod.o(.text)
    __I$use$fp                               0x08000789   Thumb Code     0  iusefp.o(.text)
    _double_round                            0x08000789   Thumb Code    30  depilogue.o(.text)
    _double_epilogue                         0x080007a7   Thumb Code   156  depilogue.o(.text)
    __aeabi_d2ulz                            0x08000843   Thumb Code    48  dfixul.o(.text)
    __aeabi_cdrcmple                         0x08000875   Thumb Code    48  cdrcmple.o(.text)
    __scatterload                            0x080008a5   Thumb Code    28  init.o(.text)
    __scatterload_rt2                        0x080008a5   Thumb Code     0  init.o(.text)
    isspace                                  0x080008c9   Thumb Code    10  isspace_c.o(.text)
    _scanf_real                              0x080009fd   Thumb Code     0  scanf_fp.o(.text)
    _scanf_really_real                       0x080009fd   Thumb Code   556  scanf_fp.o(.text)
    _sgetc                                   0x08000c35   Thumb Code    30  _sgetc.o(.text)
    _sbackspace                              0x08000c53   Thumb Code    34  _sgetc.o(.text)
    __ctype_lookup                           0x08000c75   Thumb Code    34  ctype_c.o(.text)
    __aeabi_ul2d                             0x08000c9d   Thumb Code    24  dfltul.o(.text)
    __aeabi_d2f                              0x08000cb5   Thumb Code    56  d2f.o(.text)
    _float_round                             0x08000ced   Thumb Code    18  fepilogue.o(.text)
    _float_epilogue                          0x08000cff   Thumb Code    92  fepilogue.o(.text)
    BusFault_Handler                         0x08000d5b   Thumb Code     2  stm32f4xx_it.o(i.BusFault_Handler)
    DebugMon_Handler                         0x08000d5d   Thumb Code     2  stm32f4xx_it.o(i.DebugMon_Handler)
    Error_Handler                            0x08000d5f   Thumb Code     4  main.o(i.Error_Handler)
    HAL_DMA_Abort                            0x08000d63   Thumb Code   146  stm32f4xx_hal_dma.o(i.HAL_DMA_Abort)
    HAL_DMA_Abort_IT                         0x08000df5   Thumb Code    36  stm32f4xx_hal_dma.o(i.HAL_DMA_Abort_IT)
    HAL_Delay                                0x08000e19   Thumb Code     6  delay.o(i.HAL_Delay)
    HAL_GPIO_Init                            0x08000e21   Thumb Code   450  stm32f4xx_hal_gpio.o(i.HAL_GPIO_Init)
    HAL_GPIO_TogglePin                       0x08001011   Thumb Code    16  stm32f4xx_hal_gpio.o(i.HAL_GPIO_TogglePin)
    HAL_GPIO_WritePin                        0x08001021   Thumb Code    10  stm32f4xx_hal_gpio.o(i.HAL_GPIO_WritePin)
    HAL_GetTick                              0x0800102d   Thumb Code     6  stm32f4xx_hal.o(i.HAL_GetTick)
    HAL_IncTick                              0x08001039   Thumb Code    12  stm32f4xx_hal.o(i.HAL_IncTick)
    HAL_Init                                 0x08001049   Thumb Code    48  stm32f4xx_hal.o(i.HAL_Init)
    HAL_InitTick                             0x0800107d   Thumb Code    54  stm32f4xx_hal.o(i.HAL_InitTick)
    HAL_MspInit                              0x080010bd   Thumb Code    42  stm32f4xx_hal_msp.o(i.HAL_MspInit)
    HAL_NVIC_EnableIRQ                       0x080010ed   Thumb Code    26  stm32f4xx_hal_cortex.o(i.HAL_NVIC_EnableIRQ)
    HAL_NVIC_SetPriority                     0x08001109   Thumb Code    60  stm32f4xx_hal_cortex.o(i.HAL_NVIC_SetPriority)
    HAL_NVIC_SetPriorityGrouping             0x08001149   Thumb Code    26  stm32f4xx_hal_cortex.o(i.HAL_NVIC_SetPriorityGrouping)
    HAL_RCC_ClockConfig                      0x0800116d   Thumb Code   288  stm32f4xx_hal_rcc.o(i.HAL_RCC_ClockConfig)
    HAL_RCC_GetPCLK1Freq                     0x080012a1   Thumb Code    20  stm32f4xx_hal_rcc.o(i.HAL_RCC_GetPCLK1Freq)
    HAL_RCC_GetPCLK2Freq                     0x080012c1   Thumb Code    20  stm32f4xx_hal_rcc.o(i.HAL_RCC_GetPCLK2Freq)
    HAL_RCC_GetSysClockFreq                  0x080012e1   Thumb Code    88  stm32f4xx_hal_rcc.o(i.HAL_RCC_GetSysClockFreq)
    HAL_RCC_OscConfig                        0x08001341   Thumb Code   856  stm32f4xx_hal_rcc.o(i.HAL_RCC_OscConfig)
    HAL_SPI_Init                             0x080016ad   Thumb Code   188  stm32f4xx_hal_spi.o(i.HAL_SPI_Init)
    HAL_SPI_MspInit                          0x08001769   Thumb Code   266  lcd_spi_154.o(i.HAL_SPI_MspInit)
    HAL_SYSTICK_Config                       0x08001885   Thumb Code    40  stm32f4xx_hal_cortex.o(i.HAL_SYSTICK_Config)
    HAL_UARTEx_RxEventCallback               0x080018ad   Thumb Code     2  stm32f4xx_hal_uart.o(i.HAL_UARTEx_RxEventCallback)
    HAL_UART_ErrorCallback                   0x080018af   Thumb Code     2  stm32f4xx_hal_uart.o(i.HAL_UART_ErrorCallback)
    HAL_UART_IRQHandler                      0x080018b1   Thumb Code   618  stm32f4xx_hal_uart.o(i.HAL_UART_IRQHandler)
    HAL_UART_Init                            0x08001b21   Thumb Code   100  stm32f4xx_hal_uart.o(i.HAL_UART_Init)
    HAL_UART_MspInit                         0x08001b85   Thumb Code   110  usart_1.o(i.HAL_UART_MspInit)
    HAL_UART_Receive_IT                      0x08001c01   Thumb Code    28  stm32f4xx_hal_uart.o(i.HAL_UART_Receive_IT)
    HAL_UART_RxCpltCallback                  0x08001c1d   Thumb Code   130  gps982.o(i.HAL_UART_RxCpltCallback)
    HAL_UART_TxCpltCallback                  0x08001cb1   Thumb Code     2  stm32f4xx_hal_uart.o(i.HAL_UART_TxCpltCallback)
    HardFault_Handler                        0x08001cb3   Thumb Code     2  stm32f4xx_it.o(i.HardFault_Handler)
    If_valid                                 0x08001cb5   Thumb Code   156  gps982.o(i.If_valid)
    LCD_Clear                                0x08001d81   Thumb Code   142  lcd_spi_154.o(i.LCD_Clear)
    LCD_DisplayChar                          0x08001e19   Thumb Code   174  lcd_spi_154.o(i.LCD_DisplayChar)
    LCD_DisplayString                        0x08001ed9   Thumb Code    50  lcd_spi_154.o(i.LCD_DisplayString)
    LCD_SetAddress                           0x08001f15   Thumb Code   106  lcd_spi_154.o(i.LCD_SetAddress)
    LCD_SetBackColor                         0x08001f89   Thumb Code    30  lcd_spi_154.o(i.LCD_SetBackColor)
    LCD_SetColor                             0x08001fad   Thumb Code    30  lcd_spi_154.o(i.LCD_SetColor)
    LCD_SetDirection                         0x08001fd1   Thumb Code   128  lcd_spi_154.o(i.LCD_SetDirection)
    LCD_WriteBuff                            0x0800205d   Thumb Code   114  lcd_spi_154.o(i.LCD_WriteBuff)
    LCD_WriteCommand                         0x080020d9   Thumb Code    64  lcd_spi_154.o(i.LCD_WriteCommand)
    LCD_WriteData_16bit                      0x08002121   Thumb Code    28  lcd_spi_154.o(i.LCD_WriteData_16bit)
    LCD_WriteData_8bit                       0x08002141   Thumb Code    16  lcd_spi_154.o(i.LCD_WriteData_8bit)
    MX_GPIO_Init                             0x08002155   Thumb Code   118  gpio.o(i.MX_GPIO_Init)
    MX_SPI3_Init                             0x080021d5   Thumb Code    72  lcd_spi_154.o(i.MX_SPI3_Init)
    MX_USART1_UART_Init                      0x08002225   Thumb Code    48  usart_1.o(i.MX_USART1_UART_Init)
    MemManage_Handler                        0x0800225d   Thumb Code     2  stm32f4xx_it.o(i.MemManage_Handler)
    NMI_Handler                              0x0800225f   Thumb Code     2  stm32f4xx_it.o(i.NMI_Handler)
    PendSV_Handler                           0x08002261   Thumb Code     2  stm32f4xx_it.o(i.PendSV_Handler)
    SPI_LCD_Init                             0x08002265   Thumb Code   454  lcd_spi_154.o(i.SPI_LCD_Init)
    SVC_Handler                              0x08002441   Thumb Code     2  stm32f4xx_it.o(i.SVC_Handler)
    SysTick_Handler                          0x08002443   Thumb Code     4  stm32f4xx_it.o(i.SysTick_Handler)
    SystemClock_Config                       0x08002449   Thumb Code   140  main.o(i.SystemClock_Config)
    SystemInit                               0x080024dd   Thumb Code    12  system_stm32f4xx.o(i.SystemInit)
    UART_Start_Receive_IT                    0x08002719   Thumb Code    54  stm32f4xx_hal_uart.o(i.UART_Start_Receive_IT)
    USART1_IRQHandler                        0x08002751   Thumb Code     6  stm32f4xx_it.o(i.USART1_IRQHandler)
    UsageFault_Handler                       0x0800275d   Thumb Code     2  stm32f4xx_it.o(i.UsageFault_Handler)
    __0sprintf                               0x08002761   Thumb Code    34  printfa.o(i.__0sprintf)
    __1sprintf                               0x08002761   Thumb Code     0  printfa.o(i.__0sprintf)
    __2sprintf                               0x08002761   Thumb Code     0  printfa.o(i.__0sprintf)
    __c89sprintf                             0x08002761   Thumb Code     0  printfa.o(i.__0sprintf)
    sprintf                                  0x08002761   Thumb Code     0  printfa.o(i.__0sprintf)
    __ARM_fpclassify                         0x08002789   Thumb Code    48  fpclassify.o(i.__ARM_fpclassify)
    __hardfp_atof                            0x080027d9   Thumb Code    44  atof.o(i.__hardfp_atof)
    __hardfp_cos                             0x08002811   Thumb Code   180  cos.o(i.__hardfp_cos)
    __ieee754_rem_pio2                       0x080028d9   Thumb Code   938  rred.o(i.__ieee754_rem_pio2)
    __kernel_cos                             0x08002d11   Thumb Code   322  cos_i.o(i.__kernel_cos)
    __kernel_poly                            0x08002e81   Thumb Code   248  poly.o(i.__kernel_poly)
    __kernel_sin                             0x08002f79   Thumb Code   280  sin_i.o(i.__kernel_sin)
    __mathlib_dbl_infnan                     0x080030a9   Thumb Code    20  dunder.o(i.__mathlib_dbl_infnan)
    __mathlib_dbl_invalid                    0x080030c1   Thumb Code    24  dunder.o(i.__mathlib_dbl_invalid)
    __mathlib_dbl_underflow                  0x080030e1   Thumb Code    24  dunder.o(i.__mathlib_dbl_underflow)
    __read_errno                             0x08003101   Thumb Code     6  errno.o(i.__read_errno)
    __scatterload_copy                       0x0800310d   Thumb Code    14  handlers.o(i.__scatterload_copy)
    __scatterload_null                       0x0800311b   Thumb Code     2  handlers.o(i.__scatterload_null)
    __scatterload_zeroinit                   0x0800311d   Thumb Code    14  handlers.o(i.__scatterload_zeroinit)
    __set_errno                              0x0800312d   Thumb Code     6  errno.o(i.__set_errno)
    _is_digit                                0x080032bd   Thumb Code    14  scanf_fp.o(i._is_digit)
    calculate_distance_difference            0x08003a05   Thumb Code   276  gps982.o(i.calculate_distance_difference)
    delay_init                               0x08003b39   Thumb Code     6  delay.o(i.delay_init)
    delay_ms                                 0x08003b45   Thumb Code    10  delay.o(i.delay_ms)
    delay_us                                 0x08003b51   Thumb Code    48  delay.o(i.delay_us)
    dm_to_deg                                0x08003b85   Thumb Code    92  gps982.o(i.dm_to_deg)
    dm_to_dms                                0x08003bf1   Thumb Code    94  gps982.o(i.dm_to_dms)
    extract_lat_lon                          0x08003c59   Thumb Code    60  gps982.o(i.extract_lat_lon)
    fabs                                     0x08003c99   Thumb Code    24  fabs.o(i.fabs)
    main                                     0x08003cb1   Thumb Code   234  main.o(i.main)
    ASCII_2412_Table                         0x08003dec   Data        4560  lcd_fonts.o(.constdata)
    AHBPrescTable                            0x08004fbc   Data          16  system_stm32f4xx.o(.constdata)
    APBPrescTable                            0x08004fcc   Data           8  system_stm32f4xx.o(.constdata)
    __ctype_categories                       0x080050f8   Data          64  ctype_c.o(.constdata)
    Region$$Table$$Base                      0x08005138   Number         0  anon$$obj.o(Region$$Table)
    Region$$Table$$Limit                     0x08005158   Number         0  anon$$obj.o(Region$$Table)
    ASCII_Font24                             0x20000004   Data          12  lcd_fonts.o(.data)
    lat_degrees                              0x20000018   Data           4  main.o(.data)
    lat_minutes                              0x2000001c   Data           4  main.o(.data)
    lon_degrees                              0x20000020   Data           4  main.o(.data)
    lon_minutes                              0x20000024   Data           4  main.o(.data)
    lat                                      0x20000028   Data           8  main.o(.data)
    lon                                      0x20000030   Data           8  main.o(.data)
    lat_seconds                              0x20000038   Data           8  main.o(.data)
    lon_seconds                              0x20000040   Data           8  main.o(.data)
    uwTickFreq                               0x20000048   Data           1  stm32f4xx_hal.o(.data)
    uwTickPrio                               0x2000004c   Data           4  stm32f4xx_hal.o(.data)
    uwTick                                   0x20000050   Data           4  stm32f4xx_hal.o(.data)
    SystemCoreClock                          0x20000054   Data           4  system_stm32f4xx.o(.data)
    gReceCunt                                0x20000058   Data           2  gps982.o(.data)
    hspi3                                    0x20000064   Data          88  lcd_spi_154.o(.bss)
    LCD_Buff                                 0x200000bc   Data        2048  lcd_spi_154.o(.bss)
    LCD                                      0x200008bc   Data          16  lcd_spi_154.o(.bss)
    huart1                                   0x200008cc   Data          72  usart_1.o(.bss)
    receDataFrame                            0x20000914   Data         324  gps982.o(.bss)
    gUart1RcecBuf                            0x20000a58   Data         256  gps982.o(.bss)
    __initial_sp                             0x20000f58   Data           0  startup_stm32f407xx.o(STACK)



==============================================================================

Memory Map of the image

  Image Entry point : 0x08000189

  Load Region LR_IROM1 (Base: 0x08000000, Size: 0x000051bc, Max: 0x00100000, ABSOLUTE)

    Execution Region ER_IROM1 (Exec base: 0x08000000, Load base: 0x08000000, Size: 0x00005158, Max: 0x00100000, ABSOLUTE)

    Exec Addr    Load Addr    Size         Type   Attr      Idx    E Section Name        Object

    0x08000000   0x08000000   0x00000188   Data   RO            3    RESET               startup_stm32f407xx.o
    0x08000188   0x08000188   0x00000000   Code   RO         2857  * .ARM.Collect$$$$00000000  mc_w.l(entry.o)
    0x08000188   0x08000188   0x00000004   Code   RO         3177    .ARM.Collect$$$$00000001  mc_w.l(entry2.o)
    0x0800018c   0x0800018c   0x00000004   Code   RO         3180    .ARM.Collect$$$$00000004  mc_w.l(entry5.o)
    0x08000190   0x08000190   0x00000000   Code   RO         3182    .ARM.Collect$$$$00000008  mc_w.l(entry7b.o)
    0x08000190   0x08000190   0x00000000   Code   RO         3184    .ARM.Collect$$$$0000000A  mc_w.l(entry8b.o)
    0x08000190   0x08000190   0x00000008   Code   RO         3185    .ARM.Collect$$$$0000000B  mc_w.l(entry9a.o)
    0x08000198   0x08000198   0x00000000   Code   RO         3187    .ARM.Collect$$$$0000000D  mc_w.l(entry10a.o)
    0x08000198   0x08000198   0x00000000   Code   RO         3189    .ARM.Collect$$$$0000000F  mc_w.l(entry11a.o)
    0x08000198   0x08000198   0x00000004   Code   RO         3178    .ARM.Collect$$$$00002712  mc_w.l(entry2.o)
    0x0800019c   0x0800019c   0x00000024   Code   RO            4    .text               startup_stm32f407xx.o
    0x080001c0   0x080001c0   0x00000062   Code   RO         2860    .text               mc_w.l(uldiv.o)
    0x08000222   0x08000222   0x00000024   Code   RO         2862    .text               mc_w.l(memcpya.o)
    0x08000246   0x08000246   0x00000024   Code   RO         2864    .text               mc_w.l(memseta.o)
    0x0800026a   0x0800026a   0x00000024   Code   RO         2866    .text               mc_w.l(strstr.o)
    0x0800028e   0x0800028e   0x00000002   PAD
    0x08000290   0x08000290   0x00000044   Code   RO         2868    .text               mc_w.l(strtok.o)
    0x080002d4   0x080002d4   0x0000014e   Code   RO         3137    .text               mf_w.l(dadd.o)
    0x08000422   0x08000422   0x000000e4   Code   RO         3139    .text               mf_w.l(dmul.o)
    0x08000506   0x08000506   0x000000de   Code   RO         3141    .text               mf_w.l(ddiv.o)
    0x080005e4   0x080005e4   0x00000022   Code   RO         3143    .text               mf_w.l(dflti.o)
    0x08000606   0x08000606   0x0000001a   Code   RO         3145    .text               mf_w.l(dfltui.o)
    0x08000620   0x08000620   0x0000003e   Code   RO         3147    .text               mf_w.l(dfixi.o)
    0x0800065e   0x0800065e   0x0000002c   Code   RO         3191    .text               mc_w.l(uidiv.o)
    0x0800068a   0x0800068a   0x0000001e   Code   RO         3193    .text               mc_w.l(llshl.o)
    0x080006a8   0x080006a8   0x00000020   Code   RO         3195    .text               mc_w.l(llushr.o)
    0x080006c8   0x080006c8   0x00000024   Code   RO         3197    .text               mc_w.l(llsshr.o)
    0x080006ec   0x080006ec   0x0000009c   Code   RO         3206    .text               mc_w.l(strtod.o)
    0x08000788   0x08000788   0x00000000   Code   RO         3208    .text               mc_w.l(iusefp.o)
    0x08000788   0x08000788   0x000000ba   Code   RO         3209    .text               mf_w.l(depilogue.o)
    0x08000842   0x08000842   0x00000030   Code   RO         3213    .text               mf_w.l(dfixul.o)
    0x08000872   0x08000872   0x00000002   PAD
    0x08000874   0x08000874   0x00000030   Code   RO         3215    .text               mf_w.l(cdrcmple.o)
    0x080008a4   0x080008a4   0x00000024   Code   RO         3227    .text               mc_w.l(init.o)
    0x080008c8   0x080008c8   0x0000000a   Code   RO         3229    .text               mc_w.l(isspace_c.o)
    0x080008d2   0x080008d2   0x00000002   PAD
    0x080008d4   0x080008d4   0x00000360   Code   RO         3231    .text               mc_w.l(scanf_fp.o)
    0x08000c34   0x08000c34   0x00000040   Code   RO         3235    .text               mc_w.l(_sgetc.o)
    0x08000c74   0x08000c74   0x00000028   Code   RO         3237    .text               mc_w.l(ctype_c.o)
    0x08000c9c   0x08000c9c   0x00000018   Code   RO         3240    .text               mf_w.l(dfltul.o)
    0x08000cb4   0x08000cb4   0x00000038   Code   RO         3242    .text               mf_w.l(d2f.o)
    0x08000cec   0x08000cec   0x0000006e   Code   RO         3244    .text               mf_w.l(fepilogue.o)
    0x08000d5a   0x08000d5a   0x00000002   Code   RO          792    i.BusFault_Handler  stm32f4xx_it.o
    0x08000d5c   0x08000d5c   0x00000002   Code   RO          793    i.DebugMon_Handler  stm32f4xx_it.o
    0x08000d5e   0x08000d5e   0x00000004   Code   RO          542    i.Error_Handler     main.o
    0x08000d62   0x08000d62   0x00000092   Code   RO         1682    i.HAL_DMA_Abort     stm32f4xx_hal_dma.o
    0x08000df4   0x08000df4   0x00000024   Code   RO         1683    i.HAL_DMA_Abort_IT  stm32f4xx_hal_dma.o
    0x08000e18   0x08000e18   0x00000006   Code   RO           13    i.HAL_Delay         delay.o
    0x08000e1e   0x08000e1e   0x00000002   PAD
    0x08000e20   0x08000e20   0x000001f0   Code   RO         1575    i.HAL_GPIO_Init     stm32f4xx_hal_gpio.o
    0x08001010   0x08001010   0x00000010   Code   RO         1578    i.HAL_GPIO_TogglePin  stm32f4xx_hal_gpio.o
    0x08001020   0x08001020   0x0000000a   Code   RO         1579    i.HAL_GPIO_WritePin  stm32f4xx_hal_gpio.o
    0x0800102a   0x0800102a   0x00000002   PAD
    0x0800102c   0x0800102c   0x0000000c   Code   RO         2125    i.HAL_GetTick       stm32f4xx_hal.o
    0x08001038   0x08001038   0x00000010   Code   RO         2131    i.HAL_IncTick       stm32f4xx_hal.o
    0x08001048   0x08001048   0x00000034   Code   RO         2132    i.HAL_Init          stm32f4xx_hal.o
    0x0800107c   0x0800107c   0x00000040   Code   RO         2133    i.HAL_InitTick      stm32f4xx_hal.o
    0x080010bc   0x080010bc   0x00000030   Code   RO          874    i.HAL_MspInit       stm32f4xx_hal_msp.o
    0x080010ec   0x080010ec   0x0000001a   Code   RO         1967    i.HAL_NVIC_EnableIRQ  stm32f4xx_hal_cortex.o
    0x08001106   0x08001106   0x00000002   PAD
    0x08001108   0x08001108   0x00000040   Code   RO         1973    i.HAL_NVIC_SetPriority  stm32f4xx_hal_cortex.o
    0x08001148   0x08001148   0x00000024   Code   RO         1974    i.HAL_NVIC_SetPriorityGrouping  stm32f4xx_hal_cortex.o
    0x0800116c   0x0800116c   0x00000134   Code   RO         1221    i.HAL_RCC_ClockConfig  stm32f4xx_hal_rcc.o
    0x080012a0   0x080012a0   0x00000020   Code   RO         1228    i.HAL_RCC_GetPCLK1Freq  stm32f4xx_hal_rcc.o
    0x080012c0   0x080012c0   0x00000020   Code   RO         1229    i.HAL_RCC_GetPCLK2Freq  stm32f4xx_hal_rcc.o
    0x080012e0   0x080012e0   0x00000060   Code   RO         1230    i.HAL_RCC_GetSysClockFreq  stm32f4xx_hal_rcc.o
    0x08001340   0x08001340   0x0000036c   Code   RO         1233    i.HAL_RCC_OscConfig  stm32f4xx_hal_rcc.o
    0x080016ac   0x080016ac   0x000000bc   Code   RO          909    i.HAL_SPI_Init      stm32f4xx_hal_spi.o
    0x08001768   0x08001768   0x0000011c   Code   RO          273    i.HAL_SPI_MspInit   lcd_spi_154.o
    0x08001884   0x08001884   0x00000028   Code   RO         1978    i.HAL_SYSTICK_Config  stm32f4xx_hal_cortex.o
    0x080018ac   0x080018ac   0x00000002   Code   RO         2382    i.HAL_UARTEx_RxEventCallback  stm32f4xx_hal_uart.o
    0x080018ae   0x080018ae   0x00000002   Code   RO         2396    i.HAL_UART_ErrorCallback  stm32f4xx_hal_uart.o
    0x080018b0   0x080018b0   0x00000270   Code   RO         2399    i.HAL_UART_IRQHandler  stm32f4xx_hal_uart.o
    0x08001b20   0x08001b20   0x00000064   Code   RO         2400    i.HAL_UART_Init     stm32f4xx_hal_uart.o
    0x08001b84   0x08001b84   0x0000007c   Code   RO          734    i.HAL_UART_MspInit  usart_1.o
    0x08001c00   0x08001c00   0x0000001c   Code   RO         2405    i.HAL_UART_Receive_IT  stm32f4xx_hal_uart.o
    0x08001c1c   0x08001c1c   0x00000094   Code   RO         2771    i.HAL_UART_RxCpltCallback  gps982.o
    0x08001cb0   0x08001cb0   0x00000002   Code   RO         2411    i.HAL_UART_TxCpltCallback  stm32f4xx_hal_uart.o
    0x08001cb2   0x08001cb2   0x00000002   Code   RO          794    i.HardFault_Handler  stm32f4xx_it.o
    0x08001cb4   0x08001cb4   0x000000cc   Code   RO         2772    i.If_valid          gps982.o
    0x08001d80   0x08001d80   0x00000098   Code   RO          274    i.LCD_Clear         lcd_spi_154.o
    0x08001e18   0x08001e18   0x000000c0   Code   RO          276    i.LCD_DisplayChar   lcd_spi_154.o
    0x08001ed8   0x08001ed8   0x0000003c   Code   RO          280    i.LCD_DisplayString  lcd_spi_154.o
    0x08001f14   0x08001f14   0x00000074   Code   RO          292    i.LCD_SetAddress    lcd_spi_154.o
    0x08001f88   0x08001f88   0x00000024   Code   RO          294    i.LCD_SetBackColor  lcd_spi_154.o
    0x08001fac   0x08001fac   0x00000024   Code   RO          295    i.LCD_SetColor      lcd_spi_154.o
    0x08001fd0   0x08001fd0   0x0000008c   Code   RO          296    i.LCD_SetDirection  lcd_spi_154.o
    0x0800205c   0x0800205c   0x0000007c   Code   RO          306    i.LCD_WriteBuff     lcd_spi_154.o
    0x080020d8   0x080020d8   0x00000048   Code   RO          307    i.LCD_WriteCommand  lcd_spi_154.o
    0x08002120   0x08002120   0x00000020   Code   RO          308    i.LCD_WriteData_16bit  lcd_spi_154.o
    0x08002140   0x08002140   0x00000014   Code   RO          309    i.LCD_WriteData_8bit  lcd_spi_154.o
    0x08002154   0x08002154   0x00000080   Code   RO          706    i.MX_GPIO_Init      gpio.o
    0x080021d4   0x080021d4   0x00000050   Code   RO          310    i.MX_SPI3_Init      lcd_spi_154.o
    0x08002224   0x08002224   0x00000038   Code   RO          735    i.MX_USART1_UART_Init  usart_1.o
    0x0800225c   0x0800225c   0x00000002   Code   RO          795    i.MemManage_Handler  stm32f4xx_it.o
    0x0800225e   0x0800225e   0x00000002   Code   RO          796    i.NMI_Handler       stm32f4xx_it.o
    0x08002260   0x08002260   0x00000002   Code   RO          797    i.PendSV_Handler    stm32f4xx_it.o
    0x08002262   0x08002262   0x00000002   PAD
    0x08002264   0x08002264   0x000001dc   Code   RO          311    i.SPI_LCD_Init      lcd_spi_154.o
    0x08002440   0x08002440   0x00000002   Code   RO          798    i.SVC_Handler       stm32f4xx_it.o
    0x08002442   0x08002442   0x00000004   Code   RO          799    i.SysTick_Handler   stm32f4xx_it.o
    0x08002446   0x08002446   0x00000002   PAD
    0x08002448   0x08002448   0x00000094   Code   RO          543    i.SystemClock_Config  main.o
    0x080024dc   0x080024dc   0x00000010   Code   RO         2734    i.SystemInit        system_stm32f4xx.o
    0x080024ec   0x080024ec   0x00000010   Code   RO         2413    i.UART_DMAAbortOnError  stm32f4xx_hal_uart.o
    0x080024fc   0x080024fc   0x0000004e   Code   RO         2423    i.UART_EndRxTransfer  stm32f4xx_hal_uart.o
    0x0800254a   0x0800254a   0x000000c2   Code   RO         2425    i.UART_Receive_IT   stm32f4xx_hal_uart.o
    0x0800260c   0x0800260c   0x0000010c   Code   RO         2426    i.UART_SetConfig    stm32f4xx_hal_uart.o
    0x08002718   0x08002718   0x00000036   Code   RO         2428    i.UART_Start_Receive_IT  stm32f4xx_hal_uart.o
    0x0800274e   0x0800274e   0x00000002   PAD
    0x08002750   0x08002750   0x0000000c   Code   RO          800    i.USART1_IRQHandler  stm32f4xx_it.o
    0x0800275c   0x0800275c   0x00000002   Code   RO          801    i.UsageFault_Handler  stm32f4xx_it.o
    0x0800275e   0x0800275e   0x00000002   PAD
    0x08002760   0x08002760   0x00000028   Code   RO         3111    i.__0sprintf        mc_w.l(printfa.o)
    0x08002788   0x08002788   0x00000030   Code   RO         3223    i.__ARM_fpclassify  m_wm.l(fpclassify.o)
    0x080027b8   0x080027b8   0x00000020   Code   RO         1980    i.__NVIC_SetPriority  stm32f4xx_hal_cortex.o
    0x080027d8   0x080027d8   0x00000038   Code   RO         2839    i.__hardfp_atof     m_wm.l(atof.o)
    0x08002810   0x08002810   0x000000c8   Code   RO         2845    i.__hardfp_cos      m_wm.l(cos.o)
    0x080028d8   0x080028d8   0x00000438   Code   RO         3166    i.__ieee754_rem_pio2  m_wm.l(rred.o)
    0x08002d10   0x08002d10   0x00000170   Code   RO         3149    i.__kernel_cos      m_wm.l(cos_i.o)
    0x08002e80   0x08002e80   0x000000f8   Code   RO         3225    i.__kernel_poly     m_wm.l(poly.o)
    0x08002f78   0x08002f78   0x00000130   Code   RO         3171    i.__kernel_sin      m_wm.l(sin_i.o)
    0x080030a8   0x080030a8   0x00000014   Code   RO         3153    i.__mathlib_dbl_infnan  m_wm.l(dunder.o)
    0x080030bc   0x080030bc   0x00000004   PAD
    0x080030c0   0x080030c0   0x00000020   Code   RO         3155    i.__mathlib_dbl_invalid  m_wm.l(dunder.o)
    0x080030e0   0x080030e0   0x00000020   Code   RO         3158    i.__mathlib_dbl_underflow  m_wm.l(dunder.o)
    0x08003100   0x08003100   0x0000000c   Code   RO         3200    i.__read_errno      mc_w.l(errno.o)
    0x0800310c   0x0800310c   0x0000000e   Code   RO         3248    i.__scatterload_copy  mc_w.l(handlers.o)
    0x0800311a   0x0800311a   0x00000002   Code   RO         3249    i.__scatterload_null  mc_w.l(handlers.o)
    0x0800311c   0x0800311c   0x0000000e   Code   RO         3250    i.__scatterload_zeroinit  mc_w.l(handlers.o)
    0x0800312a   0x0800312a   0x00000002   PAD
    0x0800312c   0x0800312c   0x0000000c   Code   RO         3201    i.__set_errno       mc_w.l(errno.o)
    0x08003138   0x08003138   0x00000184   Code   RO         3116    i._fp_digits        mc_w.l(printfa.o)
    0x080032bc   0x080032bc   0x0000000e   Code   RO         3233    i._is_digit         mc_w.l(scanf_fp.o)
    0x080032ca   0x080032ca   0x00000002   PAD
    0x080032cc   0x080032cc   0x000006dc   Code   RO         3117    i._printf_core      mc_w.l(printfa.o)
    0x080039a8   0x080039a8   0x00000024   Code   RO         3118    i._printf_post_padding  mc_w.l(printfa.o)
    0x080039cc   0x080039cc   0x0000002e   Code   RO         3119    i._printf_pre_padding  mc_w.l(printfa.o)
    0x080039fa   0x080039fa   0x0000000a   Code   RO         3121    i._sputc            mc_w.l(printfa.o)
    0x08003a04   0x08003a04   0x00000134   Code   RO         2773    i.calculate_distance_difference  gps982.o
    0x08003b38   0x08003b38   0x0000000c   Code   RO           14    i.delay_init        delay.o
    0x08003b44   0x08003b44   0x0000000a   Code   RO           15    i.delay_ms          delay.o
    0x08003b4e   0x08003b4e   0x00000002   PAD
    0x08003b50   0x08003b50   0x00000034   Code   RO           16    i.delay_us          delay.o
    0x08003b84   0x08003b84   0x0000006c   Code   RO         2774    i.dm_to_deg         gps982.o
    0x08003bf0   0x08003bf0   0x00000068   Code   RO         2775    i.dm_to_dms         gps982.o
    0x08003c58   0x08003c58   0x00000040   Code   RO         2777    i.extract_lat_lon   gps982.o
    0x08003c98   0x08003c98   0x00000018   Code   RO         3219    i.fabs              m_wm.l(fabs.o)
    0x08003cb0   0x08003cb0   0x0000013c   Code   RO          544    i.main              main.o
    0x08003dec   0x08003dec   0x000011d0   Data   RO          230    .constdata          lcd_fonts.o
    0x08004fbc   0x08004fbc   0x00000010   Data   RO         2735    .constdata          system_stm32f4xx.o
    0x08004fcc   0x08004fcc   0x00000008   Data   RO         2736    .constdata          system_stm32f4xx.o
    0x08004fd4   0x08004fd4   0x00000004   PAD
    0x08004fd8   0x08004fd8   0x00000030   Data   RO         3150    .constdata          m_wm.l(cos_i.o)
    0x08005008   0x08005008   0x000000c8   Data   RO         3168    .constdata          m_wm.l(rred.o)
    0x080050d0   0x080050d0   0x00000028   Data   RO         3172    .constdata          m_wm.l(sin_i.o)
    0x080050f8   0x080050f8   0x00000040   Data   RO         3238    .constdata          mc_w.l(ctype_c.o)
    0x08005138   0x08005138   0x00000020   Data   RO         3246    Region$$Table       anon$$obj.o


    Execution Region RW_IRAM1 (Exec base: 0x20000000, Load base: 0x08005158, Size: 0x00000f58, Max: 0x0001c000, ABSOLUTE)

    Exec Addr    Load Addr    Size         Type   Attr      Idx    E Section Name        Object

    0x20000000   0x08005158   0x00000004   Data   RW           17    .data               delay.o
    0x20000004   0x0800515c   0x0000000c   Data   RW          240    .data               lcd_fonts.o
    0x20000010   0x08005168   0x00000008   Data   RW          313    .data               lcd_spi_154.o
    0x20000018   0x08005170   0x00000030   Data   RW          545    .data               main.o
    0x20000048   0x080051a0   0x0000000c   Data   RW         2139    .data               stm32f4xx_hal.o
    0x20000054   0x080051ac   0x00000004   Data   RW         2737    .data               system_stm32f4xx.o
    0x20000058   0x080051b0   0x00000002   Data   RW         2779    .data               gps982.o
    0x2000005a   0x080051b2   0x00000002   PAD
    0x2000005c   0x080051b4   0x00000004   Data   RW         2869    .data               mc_w.l(strtok.o)
    0x20000060   0x080051b8   0x00000004   Data   RW         3202    .data               mc_w.l(errno.o)
    0x20000064        -       0x00000868   Zero   RW          312    .bss                lcd_spi_154.o
    0x200008cc        -       0x00000048   Zero   RW          738    .bss                usart_1.o
    0x20000914        -       0x00000244   Zero   RW         2778    .bss                gps982.o
    0x20000b58        -       0x00000400   Zero   RW            1    STACK               startup_stm32f407xx.o


    Execution Region RW_IRAM2 (Exec base: 0x2001c000, Load base: 0x080051bc, Size: 0x00000000, Max: 0x00004000, ABSOLUTE)

    **** No section assigned to this execution region ****


==============================================================================

Image component sizes


      Code (inc. data)   RO Data    RW Data    ZI Data      Debug   Object Name

        80         10          0          4          0     667195   delay.o
       128         10          0          0          0       1015   gpio.o
       936        128          0          2        580       6151   gps982.o
         0          0       4560         12          0       1919   lcd_fonts.o
      1820        146          0          8       2152      11703   lcd_spi_154.o
       468         90          0         48          0     649310   main.o
        36          8        392          0       1024        868   startup_stm32f407xx.o
       144         24          0         12          0       8989   stm32f4xx_hal.o
       198         14          0          0          0      33999   stm32f4xx_hal_cortex.o
       182          0          0          0          0       2195   stm32f4xx_hal_dma.o
       522         46          0          0          0       2965   stm32f4xx_hal_gpio.o
        48          6          0          0          0        922   stm32f4xx_hal_msp.o
      1344         72          0          0          0       5424   stm32f4xx_hal_rcc.o
       188          0          0          0          0       1279   stm32f4xx_hal_spi.o
      1368         16          0          0          0       9632   stm32f4xx_hal_uart.o
        32          6          0          0          0       4942   stm32f4xx_it.o
        16          4         24          4          0       1223   system_stm32f4xx.o
       180         22          0          0         72       3174   usart_1.o

    ----------------------------------------------------------------------
      7706        602       5012         92       3828    1412905   Object Totals
         0          0         32          0          0          0   (incl. Generated)
        16          0          4          2          0          0   (incl. Padding)

    ----------------------------------------------------------------------

      Code (inc. data)   RO Data    RW Data    ZI Data      Debug   Library Member Name

        56         12          0          0          0        132   atof.o
       200         20          0          0          0        164   cos.o
       368         46         48          0          0        200   cos_i.o
        84         16          0          0          0        372   dunder.o
        24          0          0          0          0        124   fabs.o
        48          0          0          0          0        124   fpclassify.o
       248          0          0          0          0        152   poly.o
      1080        142        200          0          0        188   rred.o
       304         24         40          0          0        208   sin_i.o
        64          0          0          0          0         84   _sgetc.o
        40          6         64          0          0         68   ctype_c.o
         0          0          0          0          0          0   entry.o
         0          0          0          0          0          0   entry10a.o
         0          0          0          0          0          0   entry11a.o
         8          4          0          0          0          0   entry2.o
         4          0          0          0          0          0   entry5.o
         0          0          0          0          0          0   entry7b.o
         0          0          0          0          0          0   entry8b.o
         8          4          0          0          0          0   entry9a.o
        24         12          0          4          0        136   errno.o
        30          0          0          0          0          0   handlers.o
        36          8          0          0          0         68   init.o
        10          0          0          0          0         68   isspace_c.o
         0          0          0          0          0          0   iusefp.o
        30          0          0          0          0         68   llshl.o
        36          0          0          0          0         68   llsshr.o
        32          0          0          0          0         68   llushr.o
        36          0          0          0          0         68   memcpya.o
        36          0          0          0          0        108   memseta.o
      2276         86          0          0          0        520   printfa.o
       878         12          0          0          0        216   scanf_fp.o
        36          0          0          0          0         80   strstr.o
       156         12          0          0          0        120   strtod.o
        68          6          0          4          0         80   strtok.o
        44          0          0          0          0         80   uidiv.o
        98          0          0          0          0         92   uldiv.o
        48          0          0          0          0         68   cdrcmple.o
        56          0          0          0          0         88   d2f.o
       334          0          0          0          0        148   dadd.o
       222          0          0          0          0        100   ddiv.o
       186          0          0          0          0        176   depilogue.o
        62          0          0          0          0         80   dfixi.o
        48          0          0          0          0         68   dfixul.o
        34          0          0          0          0         76   dflti.o
        26          0          0          0          0         76   dfltui.o
        24          0          0          0          0         76   dfltul.o
       228          0          0          0          0         96   dmul.o
       110          0          0          0          0        168   fepilogue.o

    ----------------------------------------------------------------------
      7754        410        352          8          0       4876   Library Totals
        14          0          0          0          0          0   (incl. Padding)

    ----------------------------------------------------------------------

      Code (inc. data)   RO Data    RW Data    ZI Data      Debug   Library Name

      2412        260        288          0          0       1664   m_wm.l
      3950        150         64          8          0       1992   mc_w.l
      1378          0          0          0          0       1220   mf_w.l

    ----------------------------------------------------------------------
      7754        410        352          8          0       4876   Library Totals

    ----------------------------------------------------------------------

==============================================================================


      Code (inc. data)   RO Data    RW Data    ZI Data      Debug   

     15460       1012       5364        100       3828    1408621   Grand Totals
     15460       1012       5364        100       3828    1408621   ELF Image Totals
     15460       1012       5364        100          0          0   ROM Totals

==============================================================================

    Total RO  Size (Code + RO Data)                20824 (  20.34kB)
    Total RW  Size (RW Data + ZI Data)              3928 (   3.84kB)
    Total ROM Size (Code + RO Data + RW Data)      20924 (  20.43kB)

==============================================================================

